08-20 18:22:01.860  2321  5237 I SoundTriggerMiddlewareLogging: START_RECOGNITION (5, android.media.soundtrigger.RecognitionConfig{captureRequested: true, phraseRecognitionExtras: [android.media.soundtrigger.PhraseRecognitionExtra{id: 101, recognitionModes: 1, confidenceLevel: 0, levels: []}], audioCapabilities: 0, data: []}) -> android.os.Binder@2bcf0e1
08-20 18:22:28.531  2321  4404 I SoundTriggerMiddlewareLogging: START_RECOGNITION (5, android.media.soundtrigger.RecognitionConfig{captureRequested: true, phraseRecognitionExtras: [android.media.soundtrigger.PhraseRecognitionExtra{id: 101, recognitionModes: 1, confidenceLevel: 0, levels: []}], audioCapabilities: 0, data: []}) -> android.os.Binder@80c0a60
08-20 18:30:01.408  2321  5239 I ActivityTaskManager: START u0 {flg=0x10040000 cmp=com.android.deskclock/.alarm.alert.AlarmAlertFullScreenActivity (has extras)} with LAUNCH_SINGLE_INSTANCE from uid 10291 from pid 24708 callingPackage com.android.deskclock (BAL_BLOCK) result code=102
08-20 18:30:01.488  2321  2369 I ActivityTaskManager: START u0 {flg=0x10040000 cmp=com.android.deskclock/.alarm.alert.AlarmAlertFullScreenActivity (has extras)} with LAUNCH_SINGLE_INSTANCE from uid 10291 from pid -1 callingPackage com.android.deskclock (realCallingUid=1000) (BAL_ALLOW_PENDING_INTENT) result code=0
08-20 18:34:14.969  2321  4405 I SoundTriggerMiddlewareLogging: START_RECOGNITION (5, android.media.soundtrigger.RecognitionConfig{captureRequested: true, phraseRecognitionExtras: [android.media.soundtrigger.PhraseRecognitionExtra{id: 101, recognitionModes: 1, confidenceLevel: 0, levels: []}], audioCapabilities: 0, data: []}) -> android.os.Binder@f61dfc8
08-20 18:34:56.153  2321  7379 I SoundTriggerMiddlewareLogging: START_RECOGNITION (5, android.media.soundtrigger.RecognitionConfig{captureRequested: true, phraseRecognitionExtras: [android.media.soundtrigger.PhraseRecognitionExtra{id: 101, recognitionModes: 1, confidenceLevel: 0, levels: []}], audioCapabilities: 0, data: []}) -> android.os.Binder@4bfc299
08-20 19:11:22.091  2321  4135 I SoundTriggerMiddlewareLogging: START_RECOGNITION (5, android.media.soundtrigger.RecognitionConfig{captureRequested: true, phraseRecognitionExtras: [android.media.soundtrigger.PhraseRecognitionExtra{id: 101, recognitionModes: 1, confidenceLevel: 0, levels: []}], audioCapabilities: 0, data: []}) -> android.os.Binder@35613fa
08-20 19:21:28.179  2321  7384 W ActivityManager: Background start not allowed: service Intent { act=Orca.START cmp=com.instagram.android/com.facebook.rti.push.service.FbnsService (has extras) } to com.instagram.android/com.facebook.rti.push.service.FbnsService from pid=27740 uid=10332 pkg=com.instagram.android startFg?=false
08-20 19:21:28.525  2321  3745 I ActivityTaskManager: START u0 {act=android.intent.action.MAIN cat=[android.intent.category.HOME] flg=0x10000100 cmp=com.mi.android.globallauncher/com.miui.home.launcher.Launcher (has extras)} with LAUNCH_SINGLE_TASK from uid 0 from pid 0 callingPackage null callers: com.android.server.wm.RootWindowContainer.lambda$startHomeOnDisplay$11:1548 com.android.server.wm.RootWindowContainer.$r8$lambda$zDbqLY8yVs2-CTsfHP7FhguhRoM:0 com.android.server.wm.RootWindowContainer$$ExternalSyntheticLambda5.apply:16 com.android.server.wm.TaskDisplayArea.reduceOnAllTaskDisplayAreas:522  (BAL_ALLOW_ALLOWLISTED_UID) result code=0
08-20 19:22:46.713  2321  4405 I ActivityTaskManager: START u0 {act=android.intent.action.MAIN cat=[android.intent.category.LAUNCHER] flg=0x10200000 cmp=com.mobilechess.gp/com.moba.unityplugin.MobaGameMainActivityWithExtractor bnds=[799,1384][986,1571] (has extras)} with LAUNCH_SINGLE_INSTANCE from uid 10151 from pid 29550 callingPackage com.mi.android.globallauncher (BAL_ALLOW_ALLOWLISTED_COMPONENT) result code=0
08-20 19:22:46.980  2321  4254 I ActivityTaskManager: START u0 {flg=0x30000000 cmp=com.mobilechess.gp/com.moba.unityplugin.MobaGameUnityActivity (has extras)} with LAUNCH_SINGLE_TASK from uid 10313 from pid 9429 callingPackage com.mobilechess.gp (BAL_ALLOW_VISIBLE_WINDOW) result code=0
08-20 19:22:57.345  2321  2429 I SmartPower: com.milink.service:audio/10196(22893): idle->background(84075ms) R(broadcast start Intent { act=android.intent.action.PACKAGE_RESTARTED dat=package: flg=0x10 (has extras) }) adj=925.
08-20 19:23:00.349  2321  4082 I SmartPower: com.milink.service:audio/10196(22893): background->idle(3004ms) R(broadcast start Intent { act=android.intent.action.PACKAGE_RESTARTED dat=package: flg=0x10 (has extras) }) adj=925.
08-20 19:23:03.801  2321  4889 I ActivityTaskManager: START u0 {flg=0x30000000 cmp=com.mobilechess.gp/com.moba.unityplugin.MobaGameMainActivityWithExtractor (has extras)} with LAUNCH_SINGLE_INSTANCE from uid 10313 from pid 617 callingPackage com.mobilechess.gp (BAL_ALLOW_VISIBLE_WINDOW) result code=2
08-20 19:23:03.810  2321  4889 I ActivityTaskManager: START u0 {flg=0x30000000 cmp=com.mobilechess.gp/com.moba.unityplugin.MobaGameUnityActivity (has extras)} with LAUNCH_SINGLE_TASK from uid 10313 from pid 617 callingPackage com.mobilechess.gp (BAL_ALLOW_VISIBLE_WINDOW) result code=2
08-20 19:23:04.082  2321  4404 I ActivityTaskManager: START u0 {flg=0x30000000 cmp=com.mobilechess.gp/com.moba.unityplugin.MobaGameUnityActivity (has extras)} with LAUNCH_SINGLE_TASK from uid 10313 from pid 9429 callingPackage com.mobilechess.gp (BAL_ALLOW_VISIBLE_WINDOW) result code=0
08-20 19:28:06.876  2321  5220 I ActivityTaskManager: START u0 {act=android.intent.action.MAIN cat=[android.intent.category.HOME] flg=0x10040000 cmp=com.mi.android.globallauncher/com.miui.home.launcher.Launcher (has extras)} with LAUNCH_SINGLE_TASK from uid 10151 from pid 29550 callingPackage com.mi.android.globallauncher (BAL_ALLOW_ALLOWLISTED_COMPONENT) result code=2
08-20 19:28:11.614  2321  5239 W ActivityManager: Unable to start service Intent { act=com.google.android.gms.gservices.START pkg=com.google.android.gms } U=0: not found
08-20 19:28:11.830  2321  5231 I ActivityTaskManager: START u0 {act=android.intent.action.MAIN cat=[android.intent.category.LAUNCHER] flg=0x10200000 cmp=com.mobilechess.gp/com.moba.unityplugin.MobaGameMainActivityWithExtractor bnds=[796,1380][983,1567] (has extras)} with LAUNCH_SINGLE_INSTANCE from uid 10151 from pid 29550 callingPackage com.mi.android.globallauncher (BAL_ALLOW_ALLOWLISTED_COMPONENT) result code=0
08-20 19:28:12.249  2321  5230 I ActivityTaskManager: START u0 {flg=0x30000000 cmp=com.mobilechess.gp/com.moba.unityplugin.MobaGameUnityActivity (has extras)} with LAUNCH_SINGLE_TASK from uid 10313 from pid 11791 callingPackage com.mobilechess.gp (BAL_ALLOW_VISIBLE_WINDOW) result code=0
08-20 19:28:13.096  2321  7376 I SoundTriggerMiddlewareLogging: START_RECOGNITION (6, android.media.soundtrigger.RecognitionConfig{captureRequested: true, phraseRecognitionExtras: [android.media.soundtrigger.PhraseRecognitionExtra{id: 101, recognitionModes: 1, confidenceLevel: 0, levels: []}], audioCapabilities: 0, data: []}) -> android.os.Binder@5b700d4
08-20 19:31:38.981  2321  7379 I ActivityManager: Background started FGS: Allowed [callingPackage: com.android.mms; callingUid: 10169; uidState: FGS ; uidBFSL: [BFSL]; intent: Intent { act=com.xiaomi.mms.mx.ACTION_START_TRACK pkg=com.android.mms }; code:BACKGROUND_ACTIVITY_PERMISSION; tempAllowListReason:<,reasonCode:SYSTEM_ALLOW_LISTED,duration:9223372036854775807,callingUid:-1>; targetSdkVersion:33; callerTargetSdkVersion:33; startForegroundCount:0; bindFromPackage:null: isBindService:false]
08-20 19:53:31.188  2321  3745 I ActivityTaskManager: START u0 {act=android.intent.action.MAIN cat=[android.intent.category.HOME] flg=0x10000100 cmp=com.mi.android.globallauncher/com.miui.home.launcher.Launcher (has extras)} with LAUNCH_SINGLE_TASK from uid 0 from pid 0 callingPackage null callers: com.android.server.wm.RootWindowContainer.lambda$startHomeOnDisplay$11:1548 com.android.server.wm.RootWindowContainer.$r8$lambda$zDbqLY8yVs2-CTsfHP7FhguhRoM:0 com.android.server.wm.RootWindowContainer$$ExternalSyntheticLambda5.apply:16 com.android.server.wm.TaskDisplayArea.reduceOnAllTaskDisplayAreas:522  (BAL_ALLOW_ALLOWLISTED_UID) result code=2
08-20 19:53:31.377  2321  3745 I ActivityTaskManager: START u0 {act=android.intent.action.MAIN cat=[android.intent.category.HOME] flg=0x10000100 cmp=com.mi.android.globallauncher/com.miui.home.launcher.Launcher (has extras)} with LAUNCH_SINGLE_TASK from uid 0 from pid 0 callingPackage null callers: com.android.server.wm.RootWindowContainer.lambda$startHomeOnDisplay$11:1548 com.android.server.wm.RootWindowContainer.$r8$lambda$zDbqLY8yVs2-CTsfHP7FhguhRoM:0 com.android.server.wm.RootWindowContainer$$ExternalSyntheticLambda5.apply:16 com.android.server.wm.TaskDisplayArea.reduceOnAllTaskDisplayAreas:522  (BAL_ALLOW_ALLOWLISTED_UID) result code=3
08-20 20:15:31.451  2321  5426 I SoundTriggerMiddlewareLogging: START_RECOGNITION (6, android.media.soundtrigger.RecognitionConfig{captureRequested: true, phraseRecognitionExtras: [android.media.soundtrigger.PhraseRecognitionExtra{id: 101, recognitionModes: 1, confidenceLevel: 0, levels: []}], audioCapabilities: 0, data: []}) -> android.os.Binder@2ed6ab1
08-20 20:36:22.104  2321  3960 I SoundTriggerMiddlewareLogging: START_RECOGNITION (6, android.media.soundtrigger.RecognitionConfig{captureRequested: true, phraseRecognitionExtras: [android.media.soundtrigger.PhraseRecognitionExtra{id: 101, recognitionModes: 1, confidenceLevel: 0, levels: []}], audioCapabilities: 0, data: []}) -> android.os.Binder@974ca51
08-20 20:38:29.874  2321  3960 I SoundTriggerMiddlewareLogging: START_RECOGNITION (6, android.media.soundtrigger.RecognitionConfig{captureRequested: true, phraseRecognitionExtras: [android.media.soundtrigger.PhraseRecognitionExtra{id: 101, recognitionModes: 1, confidenceLevel: 0, levels: []}], audioCapabilities: 0, data: []}) -> android.os.Binder@fb4f3e3
08-20 20:40:02.730  2321  5232 I SoundTriggerMiddlewareLogging: START_RECOGNITION (6, android.media.soundtrigger.RecognitionConfig{captureRequested: true, phraseRecognitionExtras: [android.media.soundtrigger.PhraseRecognitionExtra{id: 101, recognitionModes: 1, confidenceLevel: 0, levels: []}], audioCapabilities: 0, data: []}) -> android.os.Binder@8db1082
08-20 21:03:09.721  2321  5220 I SoundTriggerMiddlewareLogging: START_RECOGNITION (6, android.media.soundtrigger.RecognitionConfig{captureRequested: true, phraseRecognitionExtras: [android.media.soundtrigger.PhraseRecognitionExtra{id: 101, recognitionModes: 1, confidenceLevel: 0, levels: []}], audioCapabilities: 0, data: []}) -> android.os.Binder@172b3b7
08-20 21:03:51.266  2321  4353 I SoundTriggerMiddlewareLogging: START_RECOGNITION (6, android.media.soundtrigger.RecognitionConfig{captureRequested: true, phraseRecognitionExtras: [android.media.soundtrigger.PhraseRecognitionExtra{id: 101, recognitionModes: 1, confidenceLevel: 0, levels: []}], audioCapabilities: 0, data: []}) -> android.os.Binder@390aa9
08-20 21:04:38.075  2321  5220 I SoundTriggerMiddlewareLogging: START_RECOGNITION (6, android.media.soundtrigger.RecognitionConfig{captureRequested: true, phraseRecognitionExtras: [android.media.soundtrigger.PhraseRecognitionExtra{id: 101, recognitionModes: 1, confidenceLevel: 0, levels: []}], audioCapabilities: 0, data: []}) -> android.os.Binder@d5f9b9b
08-20 21:13:36.370  2321  4135 I SoundTriggerMiddlewareLogging: START_RECOGNITION (6, android.media.soundtrigger.RecognitionConfig{captureRequested: true, phraseRecognitionExtras: [android.media.soundtrigger.PhraseRecognitionExtra{id: 101, recognitionModes: 1, confidenceLevel: 0, levels: []}], audioCapabilities: 0, data: []}) -> android.os.Binder@b2e9883
08-20 21:14:48.984  2321  5230 I SoundTriggerMiddlewareLogging: START_RECOGNITION (6, android.media.soundtrigger.RecognitionConfig{captureRequested: true, phraseRecognitionExtras: [android.media.soundtrigger.PhraseRecognitionExtra{id: 101, recognitionModes: 1, confidenceLevel: 0, levels: []}], audioCapabilities: 0, data: []}) -> android.os.Binder@2dfac9b
08-20 21:16:53.231  2321  4790 W ActivityManager: Background start not allowed: service Intent { act=Orca.START cmp=com.instagram.android/com.facebook.rti.push.service.FbnsService (has extras) } to com.instagram.android/com.facebook.rti.push.service.FbnsService from pid=29540 uid=10332 pkg=com.instagram.android startFg?=false
08-20 21:16:54.216  2321  4254 I ActivityTaskManager: START u0 {act=android.intent.action.MAIN cat=[android.intent.category.LAUNCHER] flg=0x10200000 cmp=com.mobilechess.gp/com.moba.unityplugin.MobaGameMainActivityWithExtractor bnds=[796,1380][983,1567] (has extras)} with LAUNCH_SINGLE_INSTANCE from uid 10151 from pid 29550 callingPackage com.mi.android.globallauncher (BAL_ALLOW_ALLOWLISTED_COMPONENT) result code=0
08-20 21:16:59.093  2321  5232 I ActivityTaskManager: START u0 {flg=0x30000000 cmp=com.mobilechess.gp/com.moba.unityplugin.MobaGameUnityActivity (has extras)} with LAUNCH_SINGLE_TASK from uid 10313 from pid 5427 callingPackage com.mobilechess.gp (BAL_ALLOW_VISIBLE_WINDOW) result code=0
08-20 21:17:06.326  2321  7376 I ActivityTaskManager: START u0 {flg=0x30000000 cmp=com.mobilechess.gp/com.moba.unityplugin.MobaGameMainActivityWithExtractor (has extras)} with LAUNCH_SINGLE_INSTANCE from uid 10313 from pid 5701 callingPackage com.mobilechess.gp (BAL_ALLOW_VISIBLE_WINDOW) result code=2
08-20 21:17:06.331  2321  7376 I ActivityTaskManager: START u0 {flg=0x30000000 cmp=com.mobilechess.gp/com.moba.unityplugin.MobaGameUnityActivity (has extras)} with LAUNCH_SINGLE_TASK from uid 10313 from pid 5701 callingPackage com.mobilechess.gp (BAL_ALLOW_VISIBLE_WINDOW) result code=2
08-20 21:17:13.227  2321  4409 I ActivityTaskManager: START u0 {flg=0x30000000 cmp=com.mobilechess.gp/com.moba.unityplugin.MobaGameUnityActivity (has extras)} with LAUNCH_SINGLE_TASK from uid 10313 from pid 5427 callingPackage com.mobilechess.gp (BAL_ALLOW_VISIBLE_WINDOW) result code=0
08-20 21:32:47.793  2321  5423 I SoundTriggerMiddlewareLogging: START_RECOGNITION (6, android.media.soundtrigger.RecognitionConfig{captureRequested: true, phraseRecognitionExtras: [android.media.soundtrigger.PhraseRecognitionExtra{id: 101, recognitionModes: 1, confidenceLevel: 0, levels: []}], audioCapabilities: 0, data: []}) -> android.os.Binder@8c01a60
08-20 21:54:58.641  2321  7375 I SoundTriggerMiddlewareLogging: START_RECOGNITION (6, android.media.soundtrigger.RecognitionConfig{captureRequested: true, phraseRecognitionExtras: [android.media.soundtrigger.PhraseRecognitionExtra{id: 101, recognitionModes: 1, confidenceLevel: 0, levels: []}], audioCapabilities: 0, data: []}) -> android.os.Binder@e9b615d
08-20 21:59:14.753  2321  4404 I SoundTriggerMiddlewareLogging: START_RECOGNITION (6, android.media.soundtrigger.RecognitionConfig{captureRequested: true, phraseRecognitionExtras: [android.media.soundtrigger.PhraseRecognitionExtra{id: 101, recognitionModes: 1, confidenceLevel: 0, levels: []}], audioCapabilities: 0, data: []}) -> android.os.Binder@a9aef5d
08-20 22:10:22.081  2321  7375 I SoundTriggerMiddlewareLogging: START_RECOGNITION (6, android.media.soundtrigger.RecognitionConfig{captureRequested: true, phraseRecognitionExtras: [android.media.soundtrigger.PhraseRecognitionExtra{id: 101, recognitionModes: 1, confidenceLevel: 0, levels: []}], audioCapabilities: 0, data: []}) -> android.os.Binder@2acaea8
08-20 22:10:59.201  2321  7375 I SoundTriggerMiddlewareLogging: START_RECOGNITION (6, android.media.soundtrigger.RecognitionConfig{captureRequested: true, phraseRecognitionExtras: [android.media.soundtrigger.PhraseRecognitionExtra{id: 101, recognitionModes: 1, confidenceLevel: 0, levels: []}], audioCapabilities: 0, data: []}) -> android.os.Binder@a76504d
08-20 22:14:07.249  2321  4404 I SoundTriggerMiddlewareLogging: START_RECOGNITION (6, android.media.soundtrigger.RecognitionConfig{captureRequested: true, phraseRecognitionExtras: [android.media.soundtrigger.PhraseRecognitionExtra{id: 101, recognitionModes: 1, confidenceLevel: 0, levels: []}], audioCapabilities: 0, data: []}) -> android.os.Binder@75e7f12
08-20 22:14:32.706  2321  4135 I SoundTriggerMiddlewareLogging: START_RECOGNITION (6, android.media.soundtrigger.RecognitionConfig{captureRequested: true, phraseRecognitionExtras: [android.media.soundtrigger.PhraseRecognitionExtra{id: 101, recognitionModes: 1, confidenceLevel: 0, levels: []}], audioCapabilities: 0, data: []}) -> android.os.Binder@9e0e260
08-20 22:23:56.574  2321  4135 I SoundTriggerMiddlewareLogging: START_RECOGNITION (6, android.media.soundtrigger.RecognitionConfig{captureRequested: true, phraseRecognitionExtras: [android.media.soundtrigger.PhraseRecognitionExtra{id: 101, recognitionModes: 1, confidenceLevel: 0, levels: []}], audioCapabilities: 0, data: []}) -> android.os.Binder@60a37dc
08-20 22:29:12.987  2321  2870 I SoundTriggerMiddlewareLogging: START_RECOGNITION (6, android.media.soundtrigger.RecognitionConfig{captureRequested: true, phraseRecognitionExtras: [android.media.soundtrigger.PhraseRecognitionExtra{id: 101, recognitionModes: 1, confidenceLevel: 0, levels: []}], audioCapabilities: 0, data: []}) -> android.os.Binder@92e1e71
08-20 22:34:56.282  2321  4888 I SoundTriggerMiddlewareLogging: START_RECOGNITION (6, android.media.soundtrigger.RecognitionConfig{captureRequested: true, phraseRecognitionExtras: [android.media.soundtrigger.PhraseRecognitionExtra{id: 101, recognitionModes: 1, confidenceLevel: 0, levels: []}], audioCapabilities: 0, data: []}) -> android.os.Binder@f2d825b
08-20 23:14:21.019  2321  4404 I SoundTriggerMiddlewareLogging: START_RECOGNITION (6, android.media.soundtrigger.RecognitionConfig{captureRequested: true, phraseRecognitionExtras: [android.media.soundtrigger.PhraseRecognitionExtra{id: 101, recognitionModes: 1, confidenceLevel: 0, levels: []}], audioCapabilities: 0, data: []}) -> android.os.Binder@e48af81
08-21 00:17:48.173  2321  5424 I SoundTriggerMiddlewareLogging: START_RECOGNITION (6, android.media.soundtrigger.RecognitionConfig{captureRequested: true, phraseRecognitionExtras: [android.media.soundtrigger.PhraseRecognitionExtra{id: 101, recognitionModes: 1, confidenceLevel: 0, levels: []}], audioCapabilities: 0, data: []}) -> android.os.Binder@9ac4a13
08-21 00:22:22.553  2321  5237 I SoundTriggerMiddlewareLogging: START_RECOGNITION (6, android.media.soundtrigger.RecognitionConfig{captureRequested: true, phraseRecognitionExtras: [android.media.soundtrigger.PhraseRecognitionExtra{id: 101, recognitionModes: 1, confidenceLevel: 0, levels: []}], audioCapabilities: 0, data: []}) -> android.os.Binder@91dfeb2
08-21 00:27:06.990  2321  5237 I SoundTriggerMiddlewareLogging: START_RECOGNITION (6, android.media.soundtrigger.RecognitionConfig{captureRequested: true, phraseRecognitionExtras: [android.media.soundtrigger.PhraseRecognitionExtra{id: 101, recognitionModes: 1, confidenceLevel: 0, levels: []}], audioCapabilities: 0, data: []}) -> android.os.Binder@905886b
08-21 00:30:03.082  2321  2321 D MiuiFboService: execute START_FBO
08-21 00:42:48.439  2321  5424 I SoundTriggerMiddlewareLogging: START_RECOGNITION (6, android.media.soundtrigger.RecognitionConfig{captureRequested: true, phraseRecognitionExtras: [android.media.soundtrigger.PhraseRecognitionExtra{id: 101, recognitionModes: 1, confidenceLevel: 0, levels: []}], audioCapabilities: 0, data: []}) -> android.os.Binder@25e71f4
08-21 00:44:29.902  2321  7376 I SoundTriggerMiddlewareLogging: START_RECOGNITION (6, android.media.soundtrigger.RecognitionConfig{captureRequested: true, phraseRecognitionExtras: [android.media.soundtrigger.PhraseRecognitionExtra{id: 101, recognitionModes: 1, confidenceLevel: 0, levels: []}], audioCapabilities: 0, data: []}) -> android.os.Binder@4ac5e19
08-21 00:51:43.184  2321  5424 I SoundTriggerMiddlewareLogging: START_RECOGNITION (6, android.media.soundtrigger.RecognitionConfig{captureRequested: true, phraseRecognitionExtras: [android.media.soundtrigger.PhraseRecognitionExtra{id: 101, recognitionModes: 1, confidenceLevel: 0, levels: []}], audioCapabilities: 0, data: []}) -> android.os.Binder@44754a2
08-21 00:54:49.294  2321  5237 I SoundTriggerMiddlewareLogging: START_RECOGNITION (6, android.media.soundtrigger.RecognitionConfig{captureRequested: true, phraseRecognitionExtras: [android.media.soundtrigger.PhraseRecognitionExtra{id: 101, recognitionModes: 1, confidenceLevel: 0, levels: []}], audioCapabilities: 0, data: []}) -> android.os.Binder@ef7bc7f
08-21 01:46:19.588  2321  5424 I SoundTriggerMiddlewareLogging: START_RECOGNITION (6, android.media.soundtrigger.RecognitionConfig{captureRequested: true, phraseRecognitionExtras: [android.media.soundtrigger.PhraseRecognitionExtra{id: 101, recognitionModes: 1, confidenceLevel: 0, levels: []}], audioCapabilities: 0, data: []}) -> android.os.Binder@b71d5a
08-21 01:56:32.225  2321  5424 I SoundTriggerMiddlewareLogging: START_RECOGNITION (6, android.media.soundtrigger.RecognitionConfig{captureRequested: true, phraseRecognitionExtras: [android.media.soundtrigger.PhraseRecognitionExtra{id: 101, recognitionModes: 1, confidenceLevel: 0, levels: []}], audioCapabilities: 0, data: []}) -> android.os.Binder@9f15956
08-21 02:24:50.971  2321  5424 I SoundTriggerMiddlewareLogging: START_RECOGNITION (6, android.media.soundtrigger.RecognitionConfig{captureRequested: true, phraseRecognitionExtras: [android.media.soundtrigger.PhraseRecognitionExtra{id: 101, recognitionModes: 1, confidenceLevel: 0, levels: []}], audioCapabilities: 0, data: []}) -> android.os.Binder@27e5ef3
08-21 02:40:13.272  2321  4409 I SoundTriggerMiddlewareLogging: START_RECOGNITION (6, android.media.soundtrigger.RecognitionConfig{captureRequested: true, phraseRecognitionExtras: [android.media.soundtrigger.PhraseRecognitionExtra{id: 101, recognitionModes: 1, confidenceLevel: 0, levels: []}], audioCapabilities: 0, data: []}) -> android.os.Binder@ba0e9a0
08-21 02:42:21.429  2321  5426 I SoundTriggerMiddlewareLogging: START_RECOGNITION (6, android.media.soundtrigger.RecognitionConfig{captureRequested: true, phraseRecognitionExtras: [android.media.soundtrigger.PhraseRecognitionExtra{id: 101, recognitionModes: 1, confidenceLevel: 0, levels: []}], audioCapabilities: 0, data: []}) -> android.os.Binder@a657889
08-21 02:42:35.668  2321  5426 I SoundTriggerMiddlewareLogging: START_RECOGNITION (6, android.media.soundtrigger.RecognitionConfig{captureRequested: true, phraseRecognitionExtras: [android.media.soundtrigger.PhraseRecognitionExtra{id: 101, recognitionModes: 1, confidenceLevel: 0, levels: []}], audioCapabilities: 0, data: []}) -> android.os.Binder@7c1bff2
08-21 03:09:12.441  2321  4405 I SoundTriggerMiddlewareLogging: START_RECOGNITION (6, android.media.soundtrigger.RecognitionConfig{captureRequested: true, phraseRecognitionExtras: [android.media.soundtrigger.PhraseRecognitionExtra{id: 101, recognitionModes: 1, confidenceLevel: 0, levels: []}], audioCapabilities: 0, data: []}) -> android.os.Binder@364d6c1
08-21 03:21:17.322  2321  7359 I ActivityTaskManager: START u0 {flg=0x30000000 cmp=com.mobilechess.gp/com.moba.unityplugin.MobaGameMainActivityWithExtractor (has extras)} with LAUNCH_SINGLE_INSTANCE from uid 10313 from pid 6161 callingPackage com.mobilechess.gp (BAL_ALLOW_VISIBLE_WINDOW) result code=2
08-21 03:21:17.333  2321  4253 I ActivityTaskManager: START u0 {flg=0x30000000 cmp=com.mobilechess.gp/com.moba.unityplugin.MobaGameUnityActivity (has extras)} with LAUNCH_SINGLE_TASK from uid 10313 from pid 6161 callingPackage com.mobilechess.gp (BAL_ALLOW_VISIBLE_WINDOW) result code=2
08-21 03:21:17.782  2321  3745 I ActivityTaskManager: START u0 {act=android.intent.action.MAIN cat=[android.intent.category.HOME] flg=0x10000100 cmp=com.mi.android.globallauncher/com.miui.home.launcher.Launcher (has extras)} with LAUNCH_SINGLE_TASK from uid 0 from pid 0 callingPackage null callers: com.android.server.wm.RootWindowContainer.lambda$startHomeOnDisplay$11:1548 com.android.server.wm.RootWindowContainer.$r8$lambda$zDbqLY8yVs2-CTsfHP7FhguhRoM:0 com.android.server.wm.RootWindowContainer$$ExternalSyntheticLambda5.apply:16 com.android.server.wm.TaskDisplayArea.reduceOnAllTaskDisplayAreas:522  (BAL_ALLOW_ALLOWLISTED_UID) result code=2
08-21 03:21:17.953  2321  3745 I ActivityTaskManager: START u0 {act=android.intent.action.MAIN cat=[android.intent.category.HOME] flg=0x10000100 cmp=com.mi.android.globallauncher/com.miui.home.launcher.Launcher (has extras)} with LAUNCH_SINGLE_TASK from uid 0 from pid 0 callingPackage null callers: com.android.server.wm.RootWindowContainer.lambda$startHomeOnDisplay$11:1548 com.android.server.wm.RootWindowContainer.$r8$lambda$zDbqLY8yVs2-CTsfHP7FhguhRoM:0 com.android.server.wm.RootWindowContainer$$ExternalSyntheticLambda5.apply:16 com.android.server.wm.TaskDisplayArea.reduceOnAllTaskDisplayAreas:522  (BAL_ALLOW_ALLOWLISTED_UID) result code=3
08-21 03:23:56.686  2321  7374 W ActivityManager: Background start not allowed: service Intent { act=Orca.START cmp=com.instagram.android/com.facebook.rti.push.service.FbnsService (has extras) } to com.instagram.android/com.facebook.rti.push.service.FbnsService from pid=29540 uid=10332 pkg=com.instagram.android startFg?=false
08-21 03:24:24.892  2321  5424 I ActivityTaskManager: START u0 {act=android.intent.action.MAIN cat=[android.intent.category.LAUNCHER] flg=0x10008000 cmp=com.android.settings/.Settings$UsbDetailsActivity} with LAUNCH_SINGLE_TASK from uid 1000 from pid -1 callingPackage android (BAL_ALLOW_ALLOWLISTED_UID) result code=0
08-21 03:28:43.386  2321  4253 W ActivityManager: Background start not allowed: service Intent { act=Orca.START cmp=com.instagram.android/com.facebook.rti.push.service.FbnsService (has extras) } to com.instagram.android/com.facebook.rti.push.service.FbnsService from pid=29540 uid=10332 pkg=com.instagram.android startFg?=false
08-21 03:30:27.489  2321  5425 I ActivityTaskManager: START u0 {act=android.intent.action.MAIN cat=[android.intent.category.LAUNCHER] flg=0x10200000 cmp=com.android.settings/.MainSettings bnds=[289,199][476,386] (has extras)} with LAUNCH_SINGLE_TASK from uid 10151 from pid 29550 callingPackage com.mi.android.globallauncher (BAL_ALLOW_ALLOWLISTED_COMPONENT) result code=0
08-21 03:30:33.045  2321  4253 I ActivityTaskManager: START u0 {act=android.intent.action.MAIN cmp=com.android.settings/.SubSettings (has extras)} with LAUNCH_MULTIPLE from uid 1000 from pid 14261 callingPackage com.android.settings (BAL_ALLOW_ALLOWLISTED_UID) result code=0
08-21 03:30:35.112  2321  4253 I ActivityTaskManager: START u0 {act=android.intent.action.MAIN cmp=com.android.settings/.SubSettings (has extras)} with LAUNCH_MULTIPLE from uid 1000 from pid 14261 callingPackage com.android.settings (BAL_ALLOW_ALLOWLISTED_UID) result code=0
08-21 03:31:01.146  2321  7376 I ActivityTaskManager: START u0 {act=android.intent.action.MAIN cmp=com.android.settings/.SubSettings (has extras)} with LAUNCH_MULTIPLE from uid 1000 from pid 14261 callingPackage com.android.settings (BAL_ALLOW_ALLOWLISTED_UID) result code=0
08-21 03:31:04.687  2321  5423 I ActivityTaskManager: START u0 {act=android.intent.action.MAIN cmp=com.android.settings/.SubSettings (has extras)} with LAUNCH_MULTIPLE from uid 1000 from pid 14261 callingPackage com.android.settings (BAL_ALLOW_ALLOWLISTED_UID) result code=0
08-21 03:31:12.670  2321  4254 I ActivityTaskManager: START u0 {act=miui.intent.action.SPECIAL_PERMISSIO_NINTERCEPT pkg=com.miui.securitycenter cmp=com.miui.securitycenter/com.miui.permcenter.privacymanager.SpecialPermissionInterceptActivity (has extras)} with LAUNCH_SINGLE_TASK from uid 1000 from pid 14261 callingPackage com.android.settings (BAL_ALLOW_ALLOWLISTED_UID) result code=0
08-21 03:31:26.964  2321  2372 I ActivityTaskManager: START u0 {flg=0x10000000 cmp=com.android.systemui/.usb.UsbDebuggingActivity (has extras)} with LAUNCH_MULTIPLE from uid 1000 from pid 2321 callingPackage android callers: android.app.ContextImpl.startActivityAsUser:1152 android.app.ContextImpl.startActivityAsUser:1120 com.android.server.adb.AdbDebuggingManager.startConfirmationActivity:1563 com.android.server.adb.AdbDebuggingManager.startConfirmationForKey:1544  (BAL_ALLOW_ALLOWLISTED_UID) result code=0
08-21 03:33:33.036  2321  5239 W ActivityManager: Background start not allowed: service Intent { act=Orca.START cmp=com.instagram.android/com.facebook.rti.push.service.FbnsService (has extras) } to com.instagram.android/com.facebook.rti.push.service.FbnsService from pid=29540 uid=10332 pkg=com.instagram.android startFg?=false
08-21 03:33:47.284  2321  3745 I ActivityTaskManager: START u0 {act=android.intent.action.MAIN cat=[android.intent.category.HOME] flg=0x10000100 cmp=com.mi.android.globallauncher/com.miui.home.launcher.Launcher (has extras)} with LAUNCH_SINGLE_TASK from uid 0 from pid 0 callingPackage null callers: com.android.server.wm.RootWindowContainer.lambda$startHomeOnDisplay$11:1548 com.android.server.wm.RootWindowContainer.$r8$lambda$zDbqLY8yVs2-CTsfHP7FhguhRoM:0 com.android.server.wm.RootWindowContainer$$ExternalSyntheticLambda5.apply:16 com.android.server.wm.TaskDisplayArea.reduceOnAllTaskDisplayAreas:522  (BAL_ALLOW_ALLOWLISTED_UID) result code=2
08-21 03:42:31.646  2321  4790 W ActivityManager: Background start not allowed: service Intent { act=Orca.START cmp=com.instagram.android/com.facebook.rti.push.service.FbnsService (has extras) } to com.instagram.android/com.facebook.rti.push.service.FbnsService from pid=29540 uid=10332 pkg=com.instagram.android startFg?=false
08-21 03:42:40.912 29250 29250 D BoundBrokerSvc: onUnbind: Intent { act=com.google.android.gms.measurement.START pkg=com.google.android.gms }
08-21 03:42:43.966  2321  7375 I ActivityTaskManager: START u0 {act=android.intent.action.MAIN cat=[android.intent.category.LAUNCHER] flg=0x10200000 cmp=com.android.settings/.MainSettings bnds=[287,196][474,383] (has extras)} with LAUNCH_SINGLE_TASK from uid 10151 from pid 29550 callingPackage com.mi.android.globallauncher (BAL_ALLOW_ALLOWLISTED_COMPONENT) result code=2
08-21 03:42:43.990  9221  9366 D VENUS_GAMEAI_START_GameAiStartManager: 高能时刻未安装
08-21 03:42:43.992 29250 29250 D BoundBrokerSvc: onBind: Intent { act=com.google.android.gms.measurement.START pkg=com.google.android.gms }
08-21 03:42:43.993 29250 29250 D BoundBrokerSvc: Loading bound service for intent: Intent { act=com.google.android.gms.measurement.START pkg=com.google.android.gms }
08-21 03:42:47.720  2321  7375 I ActivityTaskManager: START u0 {act=android.intent.action.MAIN cmp=com.android.settings/.SubSettings (has extras)} with LAUNCH_MULTIPLE from uid 1000 from pid 1858 callingPackage com.android.settings (BAL_ALLOW_ALLOWLISTED_UID) result code=0
08-21 03:42:51.060  2321  5423 I ActivityTaskManager: START u0 {act=android.intent.action.MAIN cmp=com.android.settings/.SubSettings (has extras)} with LAUNCH_MULTIPLE from uid 1000 from pid 1858 callingPackage com.android.settings (BAL_ALLOW_ALLOWLISTED_UID) result code=0
08-21 03:42:56.008 29250 29250 D BoundBrokerSvc: onUnbind: Intent { act=com.google.android.gms.measurement.START pkg=com.google.android.gms }
08-21 03:43:19.660  2321  3960 I ActivityTaskManager: START u0 {act=android.intent.action.MAIN cmp=com.android.settings/.SubSettings (has extras)} with LAUNCH_MULTIPLE from uid 1000 from pid 1858 callingPackage com.android.settings (BAL_ALLOW_ALLOWLISTED_UID) result code=0
08-21 03:43:30.602 29250 29250 D BoundBrokerSvc: onBind: Intent { act=com.google.android.gms.measurement.START pkg=com.google.android.gms }
08-21 03:43:30.602 29250 29250 D BoundBrokerSvc: Loading bound service for intent: Intent { act=com.google.android.gms.measurement.START pkg=com.google.android.gms }
08-21 03:43:35.934 29229 29229 D BoundBrokerSvc: onRebind: Intent { act=com.google.android.gms.auth.aang.events.services.START dat=chimera-action:/... cmp=com.google.android.gms/.chimera.PersistentApiService }
08-21 03:43:38.536 29250 29250 D BoundBrokerSvc: onBind: Intent { act=com.google.android.gms.semanticlocationhistory.zeroparty.service.START dat=chimera-action:/... cmp=com.google.android.gms/.chimera.GmsApiService }
08-21 03:43:38.536 29250 29250 D BoundBrokerSvc: Loading bound service for intent: Intent { act=com.google.android.gms.semanticlocationhistory.zeroparty.service.START dat=chimera-action:/... cmp=com.google.android.gms/.chimera.GmsApiService }
08-21 03:43:39.531 29229 29229 D BoundBrokerSvc: onRebind: Intent { act=com.google.android.gms.libs.gmscorelogger.service.START dat=chimera-action:/... cmp=com.google.android.gms/.chimera.PersistentDirectBootAwareApiService }
08-21 03:43:40.669 29250 29250 D BoundBrokerSvc: onUnbind: Intent { act=com.google.android.gms.measurement.START pkg=com.google.android.gms }
08-21 03:43:47.462 29250 29250 D BoundBrokerSvc: onBind: Intent { act=com.google.android.gms.measurement.START pkg=com.google.android.gms }
08-21 03:43:47.462 29250 29250 D BoundBrokerSvc: Loading bound service for intent: Intent { act=com.google.android.gms.measurement.START pkg=com.google.android.gms }
08-21 03:43:47.500 29229 29229 D BoundBrokerSvc: onRebind: Intent { act=com.google.android.gms.presencemanager.service.START dat=chimera-action:/... cmp=com.google.android.gms/.chimera.PersistentApiService }
08-21 03:43:47.543  2321  2370 I ActivityTaskManager: START u0 {act=com.miui.securitycenter.action.ADB_INSTALL_VERIFY cmp=com.miui.securitycenter/com.miui.permcenter.install.AdbInstallVerifyActivity} with LAUNCH_SINGLE_TOP from uid 1000 from pid 1858 callingPackage com.android.settings (BAL_ALLOW_ALLOWLISTED_UID) result code=0
08-21 03:43:47.559  9221  9366 D VENUS_GAMEAI_START_GameAiStartManager: 高能时刻未安装
08-21 03:43:47.645  2321  5424 I ActivityTaskManager: START u0 {act=com.xiaomi.account.action.XIAOMI_ACCOUNT_LOGIN cat=[android.intent.category.DEFAULT] flg=0x4000000 pkg=com.xiaomi.account cmp=com.xiaomi.account/.ui.LoginActivity clip={text/plain {}} (has extras)} with LAUNCH_SINGLE_TASK from uid 1000 from pid 15954 callingPackage com.miui.securitycenter (BAL_ALLOW_ALLOWLISTED_UID) result code=0
08-21 03:43:47.685  9221  9366 D VENUS_GAMEAI_START_GameAiStartManager: 高能时刻未安装
08-21 03:43:53.545 29250 29250 D BoundBrokerSvc: onUnbind: Intent { act=com.google.android.gms.semanticlocationhistory.zeroparty.service.START dat=chimera-action:/... cmp=com.google.android.gms/.chimera.GmsApiService }
08-21 03:43:53.683  9221  9366 D VENUS_GAMEAI_START_GameAiStartManager: 高能时刻未安装
08-21 03:43:54.593 29229 29229 D BoundBrokerSvc: onUnbind: Intent { act=com.google.android.gms.libs.gmscorelogger.service.START dat=chimera-action:/... cmp=com.google.android.gms/.chimera.PersistentDirectBootAwareApiService }
08-21 03:43:56.182 29229 29229 D BoundBrokerSvc: onUnbind: Intent { act=com.google.android.gms.auth.aang.events.services.START dat=chimera-action:/... cmp=com.google.android.gms/.chimera.PersistentApiService }
08-21 03:43:59.687 29250 29250 D BoundBrokerSvc: onUnbind: Intent { act=com.google.android.gms.measurement.START pkg=com.google.android.gms }
08-21 03:44:02.512 29229 29229 D BoundBrokerSvc: onUnbind: Intent { act=com.google.android.gms.presencemanager.service.START dat=chimera-action:/... cmp=com.google.android.gms/.chimera.PersistentApiService }
08-21 03:45:34.169 29229 29229 D BoundBrokerSvc: onRebind: Intent { act=com.google.android.gms.libs.gmscorelogger.service.START dat=chimera-action:/... cmp=com.google.android.gms/.chimera.PersistentDirectBootAwareApiService }
08-21 03:45:36.907 11507 11697 I dtup    : #SharedDecisionMaker. NextAction.START
08-21 03:45:36.913  1685  5475 I PAL: StreamSoundTrigger: ProcessEvent: 3152: StBuffering: handle event 3 (ST_EV_START_RECOGNITION) for stream instance 1
08-21 03:45:36.923  2321  5237 I SoundTriggerMiddlewareLogging: START_RECOGNITION (6, android.media.soundtrigger.RecognitionConfig{captureRequested: true, phraseRecognitionExtras: [android.media.soundtrigger.PhraseRecognitionExtra{id: 101, recognitionModes: 1, confidenceLevel: 0, levels: []}], audioCapabilities: 0, data: []}) -> android.os.Binder@e19006e
08-21 03:45:49.184 29229 29229 D BoundBrokerSvc: onUnbind: Intent { act=com.google.android.gms.libs.gmscorelogger.service.START dat=chimera-action:/... cmp=com.google.android.gms/.chimera.PersistentDirectBootAwareApiService }
08-21 03:45:51.412 29229 29229 D BoundBrokerSvc: onRebind: Intent { act=com.google.android.gms.libs.gmscorelogger.service.START dat=chimera-action:/... cmp=com.google.android.gms/.chimera.PersistentDirectBootAwareApiService }
08-21 03:46:06.431 29229 29229 D BoundBrokerSvc: onUnbind: Intent { act=com.google.android.gms.libs.gmscorelogger.service.START dat=chimera-action:/... cmp=com.google.android.gms/.chimera.PersistentDirectBootAwareApiService }
08-21 03:46:06.460 29250 29250 D BoundBrokerSvc: onBind: Intent { act=com.google.android.gms.measurement.START pkg=com.google.android.gms }
08-21 03:46:06.460 29250 29250 D BoundBrokerSvc: Loading bound service for intent: Intent { act=com.google.android.gms.measurement.START pkg=com.google.android.gms }
08-21 03:46:06.502 29229 29229 D BoundBrokerSvc: onRebind: Intent { act=com.google.android.gms.presencemanager.service.START dat=chimera-action:/... cmp=com.google.android.gms/.chimera.PersistentApiService }
08-21 03:46:06.582  2321  5424 I ActivityTaskManager: START u0 {cmp=com.miui.securitycenter/com.miui.permcenter.install.PackageManagerActivity} with LAUNCH_SINGLE_TOP from uid 1000 from pid 1858 callingPackage com.android.settings (BAL_ALLOW_ALLOWLISTED_UID) result code=0
08-21 03:46:06.595  9221  9366 D VENUS_GAMEAI_START_GameAiStartManager: 高能时刻未安装
08-21 03:46:08.454  9221  9366 D VENUS_GAMEAI_START_GameAiStartManager: 高能时刻未安装
08-21 03:46:10.809  2321  5232 I ActivityTaskManager: START u0 {act=com.miui.securitycenter.action.ADB_INPUT_APPLY cmp=com.miui.securitycenter/com.miui.permcenter.install.AdbInputApplyActivity} with LAUNCH_SINGLE_TOP from uid 1000 from pid 1858 callingPackage com.android.settings (BAL_ALLOW_ALLOWLISTED_UID) result code=0
08-21 03:46:10.824  9221  9366 D VENUS_GAMEAI_START_GameAiStartManager: 高能时刻未安装
08-21 03:46:10.847  2321  5232 I ActivityTaskManager: START u0 {cmp=com.miui.securitycenter/com.miui.permcenter.install.AdbInstallVerifyActivity (has extras)} with LAUNCH_SINGLE_TOP from uid 1000 from pid 15954 callingPackage com.miui.securitycenter (BAL_ALLOW_ALLOWLISTED_UID) result code=0
08-21 03:46:10.901  2321  2372 I ActivityTaskManager: START u0 {flg=0x10000000 cmp=com.android.systemui/.usb.UsbDebuggingActivity (has extras)} with LAUNCH_MULTIPLE from uid 1000 from pid 2321 callingPackage android callers: android.app.ContextImpl.startActivityAsUser:1152 android.app.ContextImpl.startActivityAsUser:1120 com.android.server.adb.AdbDebuggingManager.startConfirmationActivity:1563 com.android.server.adb.AdbDebuggingManager.startConfirmationForKey:1544  (BAL_ALLOW_ALLOWLISTED_UID) result code=0
08-21 03:46:10.974  9221  9366 D VENUS_GAMEAI_START_GameAiStartManager: 高能时刻未安装
08-21 03:46:11.024  2759  6201 I MediaCodec: [mId: 297] [audio-debug-dec] setState: STARTING
08-21 03:46:11.029  2759  6201 I MediaCodec: [mId: 297] [audio-debug-dec] setState: STARTED
08-21 03:46:11.102  1685 13234 E AGM: session: session_stop: 1301: session not in STARTED state, current state:4
08-21 03:46:11.104  1685 13234 I PAL: StreamSoundTrigger: ProcessEvent: 2125: StLoaded: handle event 3 (ST_EV_START_RECOGNITION) for stream instance 1
08-21 03:46:12.678  9221  9366 D VENUS_GAMEAI_START_GameAiStartManager: 高能时刻未安装
08-21 03:46:12.705  9221  9366 D VENUS_GAMEAI_START_GameAiStartManager: 高能时刻未安装
08-21 03:46:14.054  1685  3772 E AGM: session: session_stop: 1301: session not in STARTED state, current state:4
08-21 03:46:14.060  1685  3772 I PAL: StreamSoundTrigger: ProcessEvent: 2125: StLoaded: handle event 3 (ST_EV_START_RECOGNITION) for stream instance 1
08-21 03:46:16.546  2321  4405 I ActivityTaskManager: START u0 {act=com.miui.securitycenter.action.ADB_INPUT_APPLY cmp=com.miui.securitycenter/com.miui.permcenter.install.AdbInputApplyActivity} with LAUNCH_SINGLE_TOP from uid 1000 from pid 1858 callingPackage com.android.settings (BAL_ALLOW_ALLOWLISTED_UID) result code=0
08-21 03:46:16.560  9221  9366 D VENUS_GAMEAI_START_GameAiStartManager: 高能时刻未安装
08-21 03:46:16.579  2321  5424 I ActivityTaskManager: START u0 {cmp=com.miui.securitycenter/com.miui.permcenter.install.AdbInstallVerifyActivity (has extras)} with LAUNCH_SINGLE_TOP from uid 1000 from pid 15954 callingPackage com.miui.securitycenter (BAL_ALLOW_ALLOWLISTED_UID) result code=0
08-21 03:46:16.754  9221  9366 D VENUS_GAMEAI_START_GameAiStartManager: 高能时刻未安装
08-21 03:46:21.556 29229 29229 D BoundBrokerSvc: onUnbind: Intent { act=com.google.android.gms.presencemanager.service.START dat=chimera-action:/... cmp=com.google.android.gms/.chimera.PersistentApiService }
08-21 03:46:25.368  2321  5232 I ActivityTaskManager: START u0 {act=com.miui.securitycenter.action.ADB_INPUT_APPLY cmp=com.miui.securitycenter/com.miui.permcenter.install.AdbInputApplyActivity} with LAUNCH_SINGLE_TOP from uid 1000 from pid 1858 callingPackage com.android.settings (BAL_ALLOW_ALLOWLISTED_UID) result code=0
08-21 03:46:25.381  9221  9366 D VENUS_GAMEAI_START_GameAiStartManager: 高能时刻未安装
08-21 03:46:25.399  2321  5424 I ActivityTaskManager: START u0 {cmp=com.miui.securitycenter/com.miui.permcenter.install.AdbInstallVerifyActivity (has extras)} with LAUNCH_SINGLE_TOP from uid 1000 from pid 15954 callingPackage com.miui.securitycenter (BAL_ALLOW_ALLOWLISTED_UID) result code=0
08-21 03:46:25.553  9221  9366 D VENUS_GAMEAI_START_GameAiStartManager: 高能时刻未安装
08-21 03:46:26.899  2321  5230 I ActivityTaskManager: START u0 {act=com.miui.securitycenter.action.ADB_INSTALL_VERIFY cmp=com.miui.securitycenter/com.miui.permcenter.install.AdbInstallVerifyActivity} with LAUNCH_SINGLE_TOP from uid 1000 from pid 1858 callingPackage com.android.settings (BAL_ALLOW_ALLOWLISTED_UID) result code=0
08-21 03:46:26.915  9221  9366 D VENUS_GAMEAI_START_GameAiStartManager: 高能时刻未安装
08-21 03:46:26.975  2321  4405 I ActivityTaskManager: START u0 {act=com.xiaomi.account.action.XIAOMI_ACCOUNT_LOGIN cat=[android.intent.category.DEFAULT] flg=0x4000000 pkg=com.xiaomi.account cmp=com.xiaomi.account/.ui.LoginActivity clip={text/plain {}} (has extras)} with LAUNCH_SINGLE_TASK from uid 1000 from pid 15954 callingPackage com.miui.securitycenter (BAL_ALLOW_ALLOWLISTED_UID) result code=0
08-21 03:46:27.002  9221  9366 D VENUS_GAMEAI_START_GameAiStartManager: 高能时刻未安装
08-21 03:46:37.598 15922 15934 E SecurityDeviceCredentialService: isThisDeviceSupported START&END UID=10193:PID=15850
08-21 03:46:37.624 15922 15934 E SecurityDeviceCredentialService: sign START UID=10193:PID=15850
08-21 03:46:37.625 15922 15934 E SecurityDeviceCredentialService: isThisDeviceSupported START&END UID=10193:PID=15850
08-21 03:46:38.092  2321  3960 I ActivityTaskManager: START u0 {cmp=com.xiaomi.account/.sns.master.SNSAuthProxyActivity (has extras)} with LAUNCH_SINGLE_TOP from uid 10193 from pid 15850 callingPackage com.xiaomi.account (BAL_ALLOW_VISIBLE_WINDOW) result code=0
08-21 03:46:38.197  2321  5423 I ActivityTaskManager: START u0 {act=com.google.android.gms.auth.GOOGLE_SIGN_IN pkg=com.xiaomi.account cmp=com.xiaomi.account/com.google.android.gms.auth.api.signin.internal.SignInHubActivity (has extras)} with LAUNCH_MULTIPLE from uid 10193 from pid 15850 callingPackage com.xiaomi.account (BAL_ALLOW_VISIBLE_WINDOW) result code=0
08-21 03:46:38.202 29250 29250 D BoundBrokerSvc: onBind: Intent { act=com.google.android.gms.auth.api.signin.service.START pkg=com.google.android.gms }
08-21 03:46:38.202 29250 29250 D BoundBrokerSvc: Loading bound service for intent: Intent { act=com.google.android.gms.auth.api.signin.service.START pkg=com.google.android.gms }
08-21 03:46:38.253  2321  5426 I ActivityTaskManager: START u0 {act=com.google.android.gms.auth.GOOGLE_SIGN_IN pkg=com.google.android.gms cmp=com.google.android.gms/.auth.api.signin.ui.SignInActivity (has extras)} with LAUNCH_MULTIPLE from uid 10193 from pid 15850 callingPackage com.xiaomi.account (BAL_ALLOW_VISIBLE_WINDOW) result code=0
08-21 03:46:38.296  9221  9366 D VENUS_GAMEAI_START_GameAiStartManager: 高能时刻未安装
08-21 03:46:38.351 29250 29250 D BoundBrokerSvc: onBind: Intent { act=com.google.android.gms.signin.service.START dat=chimera-action:/... cmp=com.google.android.gms/.chimera.GmsApiService }
08-21 03:46:38.351 29250 29250 D BoundBrokerSvc: Loading bound service for intent: Intent { act=com.google.android.gms.signin.service.START dat=chimera-action:/... cmp=com.google.android.gms/.chimera.GmsApiService }
08-21 03:46:38.711  2321  3960 I ActivityTaskManager: START u0 {cmp=com.google.android.gms/.common.api.GoogleApiActivity (has extras)} with LAUNCH_MULTIPLE from uid 10150 from pid 3035 callingPackage com.google.android.gms (BAL_ALLOW_VISIBLE_WINDOW) result code=0
08-21 03:46:38.732  2321  5230 I ActivityTaskManager: START u0 {act=com.google.android.gms.signin.action.SIGN_IN pkg=com.google.android.gms cmp=com.google.android.gms/.signin.activity.SignInActivity (has extras)} with LAUNCH_MULTIPLE from uid 10150 from pid -1 callingPackage com.google.android.gms (BAL_ALLOW_VISIBLE_WINDOW) result code=0
08-21 03:46:38.999 29250 29250 D BoundBrokerSvc: onUnbind: Intent { act=com.google.android.gms.measurement.START pkg=com.google.android.gms }
08-21 03:46:39.001  2321  4405 I ActivityTaskManager: START u0 {act=com.google.android.gms.common.account.CHOOSE_ACCOUNT_USERTILE pkg=com.google.android.gms cmp=com.google.android.gms/.common.account.AccountPickerActivity (has extras)} with LAUNCH_MULTIPLE from uid 10150 from pid 3035 callingPackage com.google.android.gms (BAL_ALLOW_VISIBLE_WINDOW) result code=0
08-21 03:46:39.039 29250 29250 D BoundBrokerSvc: onBind: Intent { act=com.google.android.gms.mdisync.service.START dat=chimera-action:/... cmp=com.google.android.gms/.chimera.GmsApiService }
08-21 03:46:39.039 29250 29250 D BoundBrokerSvc: Loading bound service for intent: Intent { act=com.google.android.gms.mdisync.service.START dat=chimera-action:/... cmp=com.google.android.gms/.chimera.GmsApiService }
08-21 03:46:40.504 29229 29229 D BoundBrokerSvc: onRebind: Intent { act=com.google.android.gms.auth.aang.events.services.START dat=chimera-action:/... cmp=com.google.android.gms/.chimera.PersistentApiService }
08-21 03:46:40.536  9221  9366 D VENUS_GAMEAI_START_GameAiStartManager: 高能时刻未安装
08-21 03:46:40.634 15922 29032 E SecurityDeviceCredentialService: sign START UID=10193:PID=15850
08-21 03:46:40.634 15922 29032 E SecurityDeviceCredentialService: isThisDeviceSupported START&END UID=10193:PID=15850
08-21 03:46:41.176 15922  5223 E SecurityDeviceCredentialService: sign START UID=10193:PID=15850
08-21 03:46:41.176 15922  5223 E SecurityDeviceCredentialService: isThisDeviceSupported START&END UID=10193:PID=15850
08-21 03:46:41.231 29229 29229 D BoundBrokerSvc: onRebind: Intent { act=com.google.android.gms.libs.gmscorelogger.service.START dat=chimera-action:/... cmp=com.google.android.gms/.chimera.PersistentDirectBootAwareApiService }
08-21 03:46:42.431 15922 29032 E SecurityDeviceCredentialService: getSecurityDeviceId START UID=10193:PID=15850
08-21 03:46:42.432 15922 29032 E SecurityDeviceCredentialService: isThisDeviceSupported START&END UID=10193:PID=15850
08-21 03:46:42.470  9221  9366 D VENUS_GAMEAI_START_GameAiStartManager: 高能时刻未安装
08-21 03:46:42.545 15922 29032 E SecurityDeviceCredentialService: sign START UID=10193:PID=15850
08-21 03:46:42.545 15922 29032 E SecurityDeviceCredentialService: isThisDeviceSupported START&END UID=10193:PID=15850
08-21 03:46:42.665 15922 15934 E SecurityDeviceCredentialService: getSecurityDeviceId START UID=10193:PID=15850
08-21 03:46:42.665 15922 15934 E SecurityDeviceCredentialService: isThisDeviceSupported START&END UID=10193:PID=15850
08-21 03:46:42.794 15922 15934 E SecurityDeviceCredentialService: sign START UID=10193:PID=15850
08-21 03:46:42.795 15922 15934 E SecurityDeviceCredentialService: isThisDeviceSupported START&END UID=10193:PID=15850
08-21 03:46:42.878 29250 29250 D BoundBrokerSvc: onBind: Intent { act=com.google.android.mobstore.service.START pkg=com.google.android.gms }
08-21 03:46:42.878 29250 29250 D BoundBrokerSvc: Loading bound service for intent: Intent { act=com.google.android.mobstore.service.START pkg=com.google.android.gms }
08-21 03:46:42.913 15922 29032 E SecurityDeviceCredentialService: sign START UID=10193:PID=15850
08-21 03:46:42.913 15922 29032 E SecurityDeviceCredentialService: isThisDeviceSupported START&END UID=10193:PID=15850
08-21 03:46:42.987 15922 29032 E SecurityDeviceCredentialService: sign START UID=10193:PID=15850
08-21 03:46:42.987 15922 29032 E SecurityDeviceCredentialService: isThisDeviceSupported START&END UID=10193:PID=15850
08-21 03:46:43.034 15922 29032 E SecurityDeviceCredentialService: sign START UID=10193:PID=15850
08-21 03:46:43.034 15922 29032 E SecurityDeviceCredentialService: isThisDeviceSupported START&END UID=10193:PID=15850
08-21 03:46:43.106 15922  5223 E SecurityDeviceCredentialService: sign START UID=10193:PID=15850
08-21 03:46:43.106 15922  5223 E SecurityDeviceCredentialService: isThisDeviceSupported START&END UID=10193:PID=15850
08-21 03:46:43.242 15922  5223 E SecurityDeviceCredentialService: sign START UID=10193:PID=15850
08-21 03:46:43.242 15922  5223 E SecurityDeviceCredentialService: isThisDeviceSupported START&END UID=10193:PID=15850
08-21 03:46:43.303 15922 29032 E SecurityDeviceCredentialService: sign START UID=10193:PID=15850
08-21 03:46:43.303 15922 29032 E SecurityDeviceCredentialService: isThisDeviceSupported START&END UID=10193:PID=15850
08-21 03:46:43.365 15922 29032 E SecurityDeviceCredentialService: sign START UID=10193:PID=15850
08-21 03:46:43.365 15922 29032 E SecurityDeviceCredentialService: isThisDeviceSupported START&END UID=10193:PID=15850
08-21 03:46:43.433 15922  5223 E SecurityDeviceCredentialService: sign START UID=10193:PID=15850
08-21 03:46:43.433 15922  5223 E SecurityDeviceCredentialService: isThisDeviceSupported START&END UID=10193:PID=15850
