08-21 03:46:43.533 15922  5223 E SecurityDeviceCredentialService: sign START UID=10193:PID=15850
08-21 03:46:43.533 15922  5223 E SecurityDeviceCredentialService: isThisDeviceSupported START&END UID=10193:PID=15850
08-21 03:46:43.621 15922 29032 E SecurityDeviceCredentialService: sign START UID=10193:PID=15850
08-21 03:46:43.621 15922 29032 E SecurityDeviceCredentialService: isThisDeviceSupported START&END UID=10193:PID=15850
08-21 03:46:43.711 15922  5223 E SecurityDeviceCredentialService: sign START UID=10193:PID=15850
08-21 03:46:43.711 15922  5223 E SecurityDeviceCredentialService: isThisDeviceSupported START&END UID=10193:PID=15850
08-21 03:46:43.900 29250 29250 D BoundBrokerSvc: onBind: Intent { act=com.google.android.gms.measurement.START pkg=com.google.android.gms }
08-21 03:46:43.900 29250 29250 D BoundBrokerSvc: Loading bound service for intent: Intent { act=com.google.android.gms.measurement.START pkg=com.google.android.gms }
08-21 03:46:43.903 15922  5223 E SecurityDeviceCredentialService: sign START UID=10193:PID=15850
08-21 03:46:43.903 15922  5223 E SecurityDeviceCredentialService: isThisDeviceSupported START&END UID=10193:PID=15850
08-21 03:46:43.989 15922  5223 E SecurityDeviceCredentialService: sign START UID=10193:PID=15850
08-21 03:46:43.989 15922  5223 E SecurityDeviceCredentialService: isThisDeviceSupported START&END UID=10193:PID=15850
08-21 03:46:44.060 15922  5223 E SecurityDeviceCredentialService: sign START UID=10193:PID=15850
08-21 03:46:44.060 15922  5223 E SecurityDeviceCredentialService: isThisDeviceSupported START&END UID=10193:PID=15850
08-21 03:46:44.159 15922 29032 E SecurityDeviceCredentialService: sign START UID=10193:PID=15850
08-21 03:46:44.159 15922 29032 E SecurityDeviceCredentialService: isThisDeviceSupported START&END UID=10193:PID=15850
08-21 03:46:44.241 15922 15934 E SecurityDeviceCredentialService: sign START UID=10193:PID=15850
08-21 03:46:44.241 15922 15934 E SecurityDeviceCredentialService: isThisDeviceSupported START&END UID=10193:PID=15850
08-21 03:46:44.333 15922 15934 E SecurityDeviceCredentialService: sign START UID=10193:PID=15850
08-21 03:46:44.333 15922 15934 E SecurityDeviceCredentialService: isThisDeviceSupported START&END UID=10193:PID=15850
08-21 03:46:44.335 29250 29250 D BoundBrokerSvc: onBind: Intent { act=com.google.android.gms.potokens.service.START dat=chimera-action:/... cmp=com.google.android.gms/.chimera.GmsApiService }
08-21 03:46:44.335 29250 29250 D BoundBrokerSvc: Loading bound service for intent: Intent { act=com.google.android.gms.potokens.service.START dat=chimera-action:/... cmp=com.google.android.gms/.chimera.GmsApiService }
08-21 03:46:44.388 15922 15934 E SecurityDeviceCredentialService: sign START UID=10193:PID=15850
08-21 03:46:44.388 15922 15934 E SecurityDeviceCredentialService: isThisDeviceSupported START&END UID=10193:PID=15850
08-21 03:46:44.454 15922 29032 E SecurityDeviceCredentialService: sign START UID=10193:PID=15850
08-21 03:46:44.454 15922 29032 E SecurityDeviceCredentialService: isThisDeviceSupported START&END UID=10193:PID=15850
08-21 03:46:44.515 15922 15934 E SecurityDeviceCredentialService: sign START UID=10193:PID=15850
08-21 03:46:44.515 15922 15934 E SecurityDeviceCredentialService: isThisDeviceSupported START&END UID=10193:PID=15850
08-21 03:46:44.568 15922 15934 E SecurityDeviceCredentialService: sign START UID=10193:PID=15850
08-21 03:46:44.568 15922 15934 E SecurityDeviceCredentialService: isThisDeviceSupported START&END UID=10193:PID=15850
08-21 03:46:44.586 15922 29032 E SecurityDeviceCredentialService: isThisDeviceSupported START&END UID=10149:PID=7302
08-21 03:46:44.625 15922 15934 E SecurityDeviceCredentialService: sign START UID=10193:PID=15850
08-21 03:46:44.625 15922 15934 E SecurityDeviceCredentialService: isThisDeviceSupported START&END UID=10193:PID=15850
08-21 03:46:44.646 15922 29032 E SecurityDeviceCredentialService: getSecurityDeviceId START UID=10149:PID=7302
08-21 03:46:44.648 15922 29032 E SecurityDeviceCredentialService: isThisDeviceSupported START&END UID=10149:PID=7302
08-21 03:46:44.684 15922 15934 E SecurityDeviceCredentialService: sign START UID=10193:PID=15850
08-21 03:46:44.684 15922 15934 E SecurityDeviceCredentialService: isThisDeviceSupported START&END UID=10193:PID=15850
08-21 03:46:44.767 15922 15934 E SecurityDeviceCredentialService: sign START UID=10193:PID=15850
08-21 03:46:44.767 15922 15934 E SecurityDeviceCredentialService: isThisDeviceSupported START&END UID=10193:PID=15850
08-21 03:46:44.845 15922 29032 E SecurityDeviceCredentialService: sign START UID=10193:PID=15850
08-21 03:46:44.845 15922 29032 E SecurityDeviceCredentialService: isThisDeviceSupported START&END UID=10193:PID=15850
08-21 03:46:45.128  2321  3960 I ActivityTaskManager: START u0 {act=com.miui.securitycenter.action.ADB_INPUT_APPLY cmp=com.miui.securitycenter/com.miui.permcenter.install.AdbInputApplyActivity} with LAUNCH_SINGLE_TOP from uid 1000 from pid 1858 callingPackage com.android.settings (BAL_ALLOW_ALLOWLISTED_UID) result code=0
08-21 03:46:45.146  9221  9366 D VENUS_GAMEAI_START_GameAiStartManager: 高能时刻未安装
08-21 03:46:55.202 29250 29250 D BoundBrokerSvc: onUnbind: Intent { act=com.google.android.gms.measurement.START pkg=com.google.android.gms }
08-21 03:46:55.588 29250 29250 D BoundBrokerSvc: onUnbind: Intent { act=com.google.android.gms.signin.service.START dat=chimera-action:/... cmp=com.google.android.gms/.chimera.GmsApiService }
08-21 03:46:59.364 29229 29229 D BoundBrokerSvc: onUnbind: Intent { act=com.google.android.gms.auth.aang.events.services.START dat=chimera-action:/... cmp=com.google.android.gms/.chimera.PersistentApiService }
08-21 03:46:59.380 29250 29250 D BoundBrokerSvc: onUnbind: Intent { act=com.google.android.gms.mdisync.service.START dat=chimera-action:/... cmp=com.google.android.gms/.chimera.GmsApiService }
08-21 03:46:59.386 29250 29250 D BoundBrokerSvc: onUnbind: Intent { act=com.google.android.mobstore.service.START pkg=com.google.android.gms }
08-21 03:46:59.414 29250 29250 D BoundBrokerSvc: onUnbind: Intent { act=com.google.android.gms.potokens.service.START dat=chimera-action:/... cmp=com.google.android.gms/.chimera.GmsApiService }
08-21 03:47:00.302 29250 29250 D BoundBrokerSvc: onUnbind: Intent { act=com.google.android.gms.auth.api.signin.service.START pkg=com.google.android.gms }
08-21 03:47:01.661  2321  5231 I ActivityTaskManager: START u0 {cmp=com.miui.securitycenter/com.miui.permcenter.install.AdbInstallVerifyActivity (has extras)} with LAUNCH_SINGLE_TOP from uid 1000 from pid 15954 callingPackage com.miui.securitycenter (BAL_ALLOW_ALLOWLISTED_UID) result code=0
08-21 03:47:01.680 29250 29250 D BoundBrokerSvc: onBind: Intent { act=com.google.android.gms.measurement.START pkg=com.google.android.gms }
08-21 03:47:01.680 29250 29250 D BoundBrokerSvc: Loading bound service for intent: Intent { act=com.google.android.gms.measurement.START pkg=com.google.android.gms }
08-21 03:47:02.028  9221  9366 D VENUS_GAMEAI_START_GameAiStartManager: 高能时刻未安装
08-21 03:47:02.097 29229 29229 D BoundBrokerSvc: onUnbind: Intent { act=com.google.android.gms.libs.gmscorelogger.service.START dat=chimera-action:/... cmp=com.google.android.gms/.chimera.PersistentDirectBootAwareApiService }
08-21 03:47:04.076 29229 29229 D BoundBrokerSvc: onRebind: Intent { act=com.google.android.gms.auth.aang.events.services.START dat=chimera-action:/... cmp=com.google.android.gms/.chimera.PersistentApiService }
08-21 03:47:08.446 29250 29250 D BoundBrokerSvc: onBind: Intent { act=com.google.android.gms.safetynet.service.START pkg=com.google.android.gms }
08-21 03:47:08.447 29250 29250 D BoundBrokerSvc: Loading bound service for intent: Intent { act=com.google.android.gms.safetynet.service.START pkg=com.google.android.gms }
08-21 03:47:09.177  2321  3683 I ActivityTaskManager: START u0 {act=android.intent.action.VIEW flg=0x18000000 cmp=com.miui.securitycenter/com.miui.permcenter.install.AdbInstallActivity (has extras)} with LAUNCH_MULTIPLE from uid 1000 from pid 2321 callingPackage pm callers: com.android.server.wm.ActivityTaskManagerService.startActivity:1421 com.android.server.am.ActivityManagerService.startActivity:3398 com.android.server.pm.PmInjector.installVerify:65 com.android.server.pm.PackageManagerServiceImpl.verifyInstallFromShell:1093  (BAL_ALLOW_ALLOWLISTED_UID) result code=0
08-21 03:47:09.190  9221  9366 D VENUS_GAMEAI_START_GameAiStartManager: 高能时刻未安装
08-21 03:47:09.326  9221  9366 D VENUS_GAMEAI_START_GameAiStartManager: 高能时刻未安装
08-21 03:47:09.733  2321  3683 I ActivityTaskManager: START u0 {act=android.intent.action.VIEW flg=0x18000000 cmp=com.miui.securitycenter/com.miui.permcenter.install.AdbInstallActivity (has extras)} with LAUNCH_MULTIPLE from uid 1000 from pid 2321 callingPackage pm callers: com.android.server.wm.ActivityTaskManagerService.startActivity:1421 com.android.server.am.ActivityManagerService.startActivity:3398 com.android.server.pm.PmInjector.installVerify:65 com.android.server.pm.PackageManagerServiceImpl.verifyInstallFromShell:1093  (BAL_ALLOW_ALLOWLISTED_UID) result code=0
08-21 03:47:09.745  9221  9366 D VENUS_GAMEAI_START_GameAiStartManager: 高能时刻未安装
08-21 03:47:09.808  9221  9366 D VENUS_GAMEAI_START_GameAiStartManager: 高能时刻未安装
08-21 03:47:18.387 29250 29250 D BoundBrokerSvc: onBind: Intent { act=com.google.android.gms.potokens.service.START dat=chimera-action:/... cmp=com.google.android.gms/.chimera.GmsApiService }
08-21 03:47:18.387 29250 29250 D BoundBrokerSvc: Loading bound service for intent: Intent { act=com.google.android.gms.potokens.service.START dat=chimera-action:/... cmp=com.google.android.gms/.chimera.GmsApiService }
08-21 03:47:19.096 29229 29229 D BoundBrokerSvc: onUnbind: Intent { act=com.google.android.gms.auth.aang.events.services.START dat=chimera-action:/... cmp=com.google.android.gms/.chimera.PersistentApiService }
08-21 03:47:19.707 29250 29250 D BoundBrokerSvc: onUnbind: Intent { act=com.google.android.gms.measurement.START pkg=com.google.android.gms }
08-21 03:47:23.228  2321  3745 I ActivityTaskManager: START u0 {act=android.intent.action.MAIN cat=[android.intent.category.HOME] flg=0x10000100 cmp=com.mi.android.globallauncher/com.miui.home.launcher.Launcher (has extras)} with LAUNCH_SINGLE_TASK from uid 0 from pid 0 callingPackage null callers: com.android.server.wm.RootWindowContainer.lambda$startHomeOnDisplay$11:1548 com.android.server.wm.RootWindowContainer.$r8$lambda$zDbqLY8yVs2-CTsfHP7FhguhRoM:0 com.android.server.wm.RootWindowContainer$$ExternalSyntheticLambda5.apply:16 com.android.server.wm.TaskDisplayArea.reduceOnAllTaskDisplayAreas:522  (BAL_ALLOW_ALLOWLISTED_UID) result code=2
08-21 03:47:23.239  9221  9366 D VENUS_GAMEAI_START_GameAiStartManager: 高能时刻未安装
08-21 03:47:23.254 29250 29250 D BoundBrokerSvc: onBind: Intent { act=com.google.android.gms.measurement.START pkg=com.google.android.gms }
08-21 03:47:23.254 29250 29250 D BoundBrokerSvc: Loading bound service for intent: Intent { act=com.google.android.gms.measurement.START pkg=com.google.android.gms }
08-21 03:47:23.514 29250 29250 D BoundBrokerSvc: onUnbind: Intent { act=com.google.android.gms.safetynet.service.START pkg=com.google.android.gms }
08-21 03:47:28.987  9221  9366 D VENUS_GAMEAI_START_GameAiStartManager: 高能时刻未安装
08-21 03:47:30.862  2321  7376 I ActivityTaskManager: START u0 {act=com.miui.securitycenter.action.ADB_INSTALL_VERIFY cmp=com.miui.securitycenter/com.miui.permcenter.install.AdbInstallVerifyActivity} with LAUNCH_SINGLE_TOP from uid 1000 from pid 1858 callingPackage com.android.settings (BAL_ALLOW_ALLOWLISTED_UID) result code=0
08-21 03:47:30.877  9221  9366 D VENUS_GAMEAI_START_GameAiStartManager: 高能时刻未安装
08-21 03:47:31.005  9221  9366 D VENUS_GAMEAI_START_GameAiStartManager: 高能时刻未安装
08-21 03:47:33.298  2321  7359 I ActivityTaskManager: START u0 {cmp=com.miui.securitycenter/com.miui.permcenter.install.PackageManagerActivity} with LAUNCH_SINGLE_TOP from uid 1000 from pid 1858 callingPackage com.android.settings (BAL_ALLOW_ALLOWLISTED_UID) result code=0
08-21 03:47:33.310  9221  9366 D VENUS_GAMEAI_START_GameAiStartManager: 高能时刻未安装
08-21 03:47:33.452 29250 29250 D BoundBrokerSvc: onUnbind: Intent { act=com.google.android.gms.potokens.service.START dat=chimera-action:/... cmp=com.google.android.gms/.chimera.GmsApiService }
08-21 03:47:35.638  9221  9366 D VENUS_GAMEAI_START_GameAiStartManager: 高能时刻未安装
08-21 03:47:46.076 29229 29229 D BoundBrokerSvc: onRebind: Intent { act=com.google.android.gms.auth.aang.events.services.START dat=chimera-action:/... cmp=com.google.android.gms/.chimera.PersistentApiService }
08-21 03:47:47.653 29250 29250 D BoundBrokerSvc: onUnbind: Intent { act=com.google.android.gms.measurement.START pkg=com.google.android.gms }
08-21 03:48:01.101 29229 29229 D BoundBrokerSvc: onUnbind: Intent { act=com.google.android.gms.auth.aang.events.services.START dat=chimera-action:/... cmp=com.google.android.gms/.chimera.PersistentApiService }
08-21 03:48:08.907 29250 29250 D BoundBrokerSvc: onBind: Intent { act=com.google.android.gms.measurement.START pkg=com.google.android.gms }
08-21 03:48:08.907 29250 29250 D BoundBrokerSvc: Loading bound service for intent: Intent { act=com.google.android.gms.measurement.START pkg=com.google.android.gms }
08-21 03:48:08.967 29229 29229 D BoundBrokerSvc: onRebind: Intent { act=com.google.android.gms.presencemanager.service.START dat=chimera-action:/... cmp=com.google.android.gms/.chimera.PersistentApiService }
08-21 03:48:09.018  2321  5423 I ActivityTaskManager: START u0 {cmp=com.miui.securitycenter/com.miui.permcenter.install.PackageManagerActivity} with LAUNCH_SINGLE_TOP from uid 1000 from pid 1858 callingPackage com.android.settings (BAL_ALLOW_ALLOWLISTED_UID) result code=0
08-21 03:48:09.032  9221  9366 D VENUS_GAMEAI_START_GameAiStartManager: 高能时刻未安装
08-21 03:48:10.065  9221  9366 D VENUS_GAMEAI_START_GameAiStartManager: 高能时刻未安装
08-21 03:48:22.097 29250 29250 D BoundBrokerSvc: onUnbind: Intent { act=com.google.android.gms.measurement.START pkg=com.google.android.gms }
08-21 03:48:24.052 29229 29229 D BoundBrokerSvc: onUnbind: Intent { act=com.google.android.gms.presencemanager.service.START dat=chimera-action:/... cmp=com.google.android.gms/.chimera.PersistentApiService }
08-21 03:48:24.603 29250 29250 D BoundBrokerSvc: onBind: Intent { act=com.google.android.gms.measurement.START pkg=com.google.android.gms }
08-21 03:48:24.603 29250 29250 D BoundBrokerSvc: Loading bound service for intent: Intent { act=com.google.android.gms.measurement.START pkg=com.google.android.gms }
08-21 03:48:24.726  2321  3683 I ActivityTaskManager: START u0 {act=android.intent.action.VIEW flg=0x18000000 cmp=com.miui.securitycenter/com.miui.permcenter.install.AdbInstallActivity (has extras)} with LAUNCH_MULTIPLE from uid 1000 from pid 2321 callingPackage pm callers: com.android.server.wm.ActivityTaskManagerService.startActivity:1421 com.android.server.am.ActivityManagerService.startActivity:3398 com.android.server.pm.PmInjector.installVerify:65 com.android.server.pm.PackageManagerServiceImpl.verifyInstallFromShell:1093  (BAL_ALLOW_ALLOWLISTED_UID) result code=0
08-21 03:48:24.740  9221  9366 D VENUS_GAMEAI_START_GameAiStartManager: 高能时刻未安装
08-21 03:48:28.842  9221  9366 D VENUS_GAMEAI_START_GameAiStartManager: 高能时刻未安装
08-21 03:48:32.117  2321  3745 I ActivityTaskManager: START u0 {act=android.intent.action.MAIN cat=[android.intent.category.HOME] flg=0x10000100 cmp=com.mi.android.globallauncher/com.miui.home.launcher.Launcher (has extras)} with LAUNCH_SINGLE_TASK from uid 0 from pid 0 callingPackage null callers: com.android.server.wm.RootWindowContainer.lambda$startHomeOnDisplay$11:1548 com.android.server.wm.RootWindowContainer.$r8$lambda$zDbqLY8yVs2-CTsfHP7FhguhRoM:0 com.android.server.wm.RootWindowContainer$$ExternalSyntheticLambda5.apply:16 com.android.server.wm.TaskDisplayArea.reduceOnAllTaskDisplayAreas:522  (BAL_ALLOW_ALLOWLISTED_UID) result code=2
08-21 03:48:32.122  9221  9366 D VENUS_GAMEAI_START_GameAiStartManager: 高能时刻未安装
08-21 03:48:42.181 29250 29250 D BoundBrokerSvc: onUnbind: Intent { act=com.google.android.gms.measurement.START pkg=com.google.android.gms }
08-21 03:48:48.973  2321  5423 I ActivityTaskManager: START u0 {act=android.intent.action.MAIN cat=[android.intent.category.LAUNCHER] flg=0x10000000 cmp=io.appium.settings/.Settings} with LAUNCH_SINGLE_INSTANCE from uid 2000 from pid 9050 callingPackage com.android.shell (BAL_ALLOW_PERMISSION) result code=0
08-21 03:48:49.013 29250 29250 D BoundBrokerSvc: onBind: Intent { act=com.google.android.gms.measurement.START pkg=com.google.android.gms }
08-21 03:48:49.013 29250 29250 D BoundBrokerSvc: Loading bound service for intent: Intent { act=com.google.android.gms.measurement.START pkg=com.google.android.gms }
08-21 03:48:49.157  9221  9366 D VENUS_GAMEAI_START_GameAiStartManager: 高能时刻未安装
08-21 03:48:49.482 29229 29229 D BoundBrokerSvc: onRebind: Intent { act=com.google.android.gms.auth.aang.events.services.START dat=chimera-action:/... cmp=com.google.android.gms/.chimera.PersistentApiService }
08-21 03:48:50.304  9221  9366 D VENUS_GAMEAI_START_GameAiStartManager: 高能时刻未安装
08-21 03:48:50.478 29229 29229 D BoundBrokerSvc: onRebind: Intent { act=com.google.android.gms.libs.gmscorelogger.service.START dat=chimera-action:/... cmp=com.google.android.gms/.chimera.PersistentDirectBootAwareApiService }
08-21 03:48:51.385  2321  3683 I ActivityTaskManager: START u0 {act=android.intent.action.VIEW flg=0x18000000 cmp=com.miui.securitycenter/com.miui.permcenter.install.AdbInstallActivity (has extras)} with LAUNCH_MULTIPLE from uid 1000 from pid 2321 callingPackage pm callers: com.android.server.wm.ActivityTaskManagerService.startActivity:1421 com.android.server.am.ActivityManagerService.startActivity:3398 com.android.server.pm.PmInjector.installVerify:65 com.android.server.pm.PackageManagerServiceImpl.verifyInstallFromShell:1093  (BAL_ALLOW_ALLOWLISTED_UID) result code=0
08-21 03:48:51.397  9221  9366 D VENUS_GAMEAI_START_GameAiStartManager: 高能时刻未安装
08-21 03:48:55.937  9221  9366 D VENUS_GAMEAI_START_GameAiStartManager: 高能时刻未安装
08-21 03:48:56.664  2321  3683 I ActivityTaskManager: START u0 {act=android.intent.action.VIEW flg=0x18000000 cmp=com.miui.securitycenter/com.miui.permcenter.install.AdbInstallActivity (has extras)} with LAUNCH_MULTIPLE from uid 1000 from pid 2321 callingPackage pm callers: com.android.server.wm.ActivityTaskManagerService.startActivity:1421 com.android.server.am.ActivityManagerService.startActivity:3398 com.android.server.pm.PmInjector.installVerify:65 com.android.server.pm.PackageManagerServiceImpl.verifyInstallFromShell:1093  (BAL_ALLOW_ALLOWLISTED_UID) result code=0
08-21 03:48:56.698  9221  9366 D VENUS_GAMEAI_START_GameAiStartManager: 高能时刻未安装
08-21 03:48:59.475  9221  9366 D VENUS_GAMEAI_START_GameAiStartManager: 高能时刻未安装
08-21 03:49:00.128  9347  9347 D AndroidRuntime: >>>>>> START com.android.internal.os.RuntimeInit uid 2000 <<<<<<
08-21 03:49:00.277  2759  9364 I MediaCodec: [mId: 298] [audio-debug-dec] setState: STARTING
08-21 03:49:00.281  2759  9364 I MediaCodec: [mId: 298] [audio-debug-dec] setState: STARTED
08-21 03:49:00.354  1685 13234 E AGM: session: session_stop: 1301: session not in STARTED state, current state:4
08-21 03:49:00.357  1685 13234 I PAL: StreamSoundTrigger: ProcessEvent: 2125: StLoaded: handle event 3 (ST_EV_START_RECOGNITION) for stream instance 1
08-21 03:49:00.382 18872 18872 I MiuiWallpaper-MiuiWallpaperManagerService: receive broadcast action = android.intent.action.PACKAGE_RESTARTED
08-21 03:49:03.322  1685 21860 E AGM: session: session_stop: 1301: session not in STARTED state, current state:4
08-21 03:49:03.325  1685 21860 I PAL: StreamSoundTrigger: ProcessEvent: 2125: StLoaded: handle event 3 (ST_EV_START_RECOGNITION) for stream instance 1
08-21 03:49:03.629  2321  5423 I ActivityTaskManager: START u0 {act=android.intent.action.MAIN cat=[android.intent.category.LAUNCHER] flg=0x10200000 cmp=id.edot.ework.debug/id.edot.onboarding.OnBoardingActivity} with LAUNCH_MULTIPLE from uid 2000 from pid 9446 callingPackage com.android.shell result code=-92
08-21 03:49:04.027  2321  5423 I ActivityTaskManager: START u0 {act=android.intent.action.MAIN cat=[android.intent.category.LAUNCHER] flg=0x10200000 cmp=id.edot.ework.debug/.id.edot.onboarding.OnBoardingActivity} with LAUNCH_MULTIPLE from uid 2000 from pid 9459 callingPackage com.android.shell result code=-92
08-21 03:49:04.508 29229 29229 D BoundBrokerSvc: onUnbind: Intent { act=com.google.android.gms.auth.aang.events.services.START dat=chimera-action:/... cmp=com.google.android.gms/.chimera.PersistentApiService }
08-21 03:49:05.493 29229 29229 D BoundBrokerSvc: onUnbind: Intent { act=com.google.android.gms.libs.gmscorelogger.service.START dat=chimera-action:/... cmp=com.google.android.gms/.chimera.PersistentDirectBootAwareApiService }
08-21 03:49:11.435 29250 29250 D BoundBrokerSvc: onUnbind: Intent { act=com.google.android.gms.measurement.START pkg=com.google.android.gms }
08-21 03:49:11.627  2321  5232 I ActivityTaskManager: START u0 {act=android.intent.action.MAIN cat=[android.intent.category.LAUNCHER] flg=0x10200000 cmp=io.appium.settings/.Settings bnds=[57,1195][244,1382] (has extras)} with LAUNCH_SINGLE_INSTANCE from uid 10151 from pid 29550 callingPackage com.mi.android.globallauncher (BAL_ALLOW_ALLOWLISTED_COMPONENT) result code=0
08-21 03:49:11.643  9221  9366 D VENUS_GAMEAI_START_GameAiStartManager: 高能时刻未安装
08-21 03:49:11.666 29250 29250 D BoundBrokerSvc: onBind: Intent { act=com.google.android.gms.measurement.START pkg=com.google.android.gms }
08-21 03:49:11.666 29250 29250 D BoundBrokerSvc: Loading bound service for intent: Intent { act=com.google.android.gms.measurement.START pkg=com.google.android.gms }
08-21 03:49:12.383  2759  9568 I MediaCodec: [mId: 299] [audio-debug-dec] setState: STARTING
08-21 03:49:12.388  2759  9568 I MediaCodec: [mId: 299] [audio-debug-dec] setState: STARTED
08-21 03:49:12.486  1685 13234 E AGM: session: session_stop: 1301: session not in STARTED state, current state:4
08-21 03:49:12.488  1685 13234 I PAL: StreamSoundTrigger: ProcessEvent: 2125: StLoaded: handle event 3 (ST_EV_START_RECOGNITION) for stream instance 1
08-21 03:49:12.727  9221  9366 D VENUS_GAMEAI_START_GameAiStartManager: 高能时刻未安装
08-21 03:49:15.445  1685  3772 E AGM: session: session_stop: 1301: session not in STARTED state, current state:4
08-21 03:49:15.449  1685  3772 I PAL: StreamSoundTrigger: ProcessEvent: 2125: StLoaded: handle event 3 (ST_EV_START_RECOGNITION) for stream instance 1
08-21 03:49:22.789 29250 29250 D BoundBrokerSvc: onUnbind: Intent { act=com.google.android.gms.measurement.START pkg=com.google.android.gms }
08-21 03:49:33.683  9688  9688 D AndroidRuntime: >>>>>> START com.android.internal.os.RuntimeInit uid 2000 <<<<<<
08-21 03:49:34.034 18872 18872 I MiuiWallpaper-MiuiWallpaperManagerService: receive broadcast action = android.intent.action.PACKAGE_RESTARTED
08-21 03:49:36.254  2321  5237 I ActivityTaskManager: START u0 {act=android.intent.action.MAIN cat=[android.intent.category.LAUNCHER] flg=0x10200000 cmp=id.edot.ework.debug/id.edot.onboarding.OnBoardingActivity} with LAUNCH_MULTIPLE from uid 2000 from pid 9751 callingPackage com.android.shell result code=-92
08-21 03:49:36.646  2321  5237 I ActivityTaskManager: START u0 {act=android.intent.action.MAIN cat=[android.intent.category.LAUNCHER] flg=0x10200000 cmp=id.edot.ework.debug/.id.edot.onboarding.OnBoardingActivity} with LAUNCH_MULTIPLE from uid 2000 from pid 9757 callingPackage com.android.shell result code=-92
08-21 03:49:49.505 29229 29229 D BoundBrokerSvc: onRebind: Intent { act=com.google.android.gms.auth.aang.events.services.START dat=chimera-action:/... cmp=com.google.android.gms/.chimera.PersistentApiService }
08-21 03:49:50.512 29229 29229 D BoundBrokerSvc: onRebind: Intent { act=com.google.android.gms.libs.gmscorelogger.service.START dat=chimera-action:/... cmp=com.google.android.gms/.chimera.PersistentDirectBootAwareApiService }
08-21 03:50:04.534 29229 29229 D BoundBrokerSvc: onUnbind: Intent { act=com.google.android.gms.auth.aang.events.services.START dat=chimera-action:/... cmp=com.google.android.gms/.chimera.PersistentApiService }
08-21 03:50:05.529 29229 29229 D BoundBrokerSvc: onUnbind: Intent { act=com.google.android.gms.libs.gmscorelogger.service.START dat=chimera-action:/... cmp=com.google.android.gms/.chimera.PersistentDirectBootAwareApiService }
08-21 03:50:49.517 29229 29229 D BoundBrokerSvc: onRebind: Intent { act=com.google.android.gms.auth.aang.events.services.START dat=chimera-action:/... cmp=com.google.android.gms/.chimera.PersistentApiService }
08-21 03:50:50.527 29229 29229 D BoundBrokerSvc: onRebind: Intent { act=com.google.android.gms.libs.gmscorelogger.service.START dat=chimera-action:/... cmp=com.google.android.gms/.chimera.PersistentDirectBootAwareApiService }
08-21 03:51:04.587 29229 29229 D BoundBrokerSvc: onUnbind: Intent { act=com.google.android.gms.auth.aang.events.services.START dat=chimera-action:/... cmp=com.google.android.gms/.chimera.PersistentApiService }
08-21 03:51:05.541 29229 29229 D BoundBrokerSvc: onUnbind: Intent { act=com.google.android.gms.libs.gmscorelogger.service.START dat=chimera-action:/... cmp=com.google.android.gms/.chimera.PersistentDirectBootAwareApiService }
08-21 03:51:11.790 29250 29250 D BoundBrokerSvc: onBind: Intent { act=com.google.android.gms.measurement.START pkg=com.google.android.gms }
08-21 03:51:11.790 29250 29250 D BoundBrokerSvc: Loading bound service for intent: Intent { act=com.google.android.gms.measurement.START pkg=com.google.android.gms }
08-21 03:51:23.806 29250 29250 D BoundBrokerSvc: onUnbind: Intent { act=com.google.android.gms.measurement.START pkg=com.google.android.gms }
08-21 03:51:43.082 29229 29229 D BoundBrokerSvc: onRebind: Intent { act=com.google.android.gms.auth.aang.events.services.START dat=chimera-action:/... cmp=com.google.android.gms/.chimera.PersistentApiService }
08-21 03:51:50.631 29229 29229 D BoundBrokerSvc: onRebind: Intent { act=com.google.android.gms.libs.gmscorelogger.service.START dat=chimera-action:/... cmp=com.google.android.gms/.chimera.PersistentDirectBootAwareApiService }
08-21 03:52:04.694 29229 29229 D BoundBrokerSvc: onUnbind: Intent { act=com.google.android.gms.auth.aang.events.services.START dat=chimera-action:/... cmp=com.google.android.gms/.chimera.PersistentApiService }
08-21 03:52:05.645 29229 29229 D BoundBrokerSvc: onUnbind: Intent { act=com.google.android.gms.libs.gmscorelogger.service.START dat=chimera-action:/... cmp=com.google.android.gms/.chimera.PersistentDirectBootAwareApiService }
08-21 03:52:07.889 26492 26495 I FboNativeService: Fbo_Native_Socket:343: [FBO-NATIVE] socket_local_client START
08-21 03:52:07.890 26492 26495 I FboNativeService: Fbo_Native_Socket:354: [FBO-NATIVE] set send timeout START
08-21 03:52:07.890 26492 26495 I FboNativeService: Fbo_Native_Socket:360: [FBO-NATIVE] set send receive START
08-21 03:52:25.971 26492 26495 I FboNativeService: Fbo_Native_Socket:343: [FBO-NATIVE] socket_local_client START
08-21 03:52:25.971 26492 26495 I FboNativeService: Fbo_Native_Socket:354: [FBO-NATIVE] set send timeout START
08-21 03:52:25.971 26492 26495 I FboNativeService: Fbo_Native_Socket:360: [FBO-NATIVE] set send receive START
08-21 03:52:38.062 26492 26495 I FboNativeService: Fbo_Native_Socket:343: [FBO-NATIVE] socket_local_client START
08-21 03:52:38.063 26492 26495 I FboNativeService: Fbo_Native_Socket:354: [FBO-NATIVE] set send timeout START
08-21 03:52:38.063 26492 26495 I FboNativeService: Fbo_Native_Socket:360: [FBO-NATIVE] set send receive START
08-21 03:52:44.255 26492 26495 I FboNativeService: Fbo_Native_Socket:343: [FBO-NATIVE] socket_local_client START
08-21 03:52:44.256 26492 26495 I FboNativeService: Fbo_Native_Socket:354: [FBO-NATIVE] set send timeout START
08-21 03:52:44.256 26492 26495 I FboNativeService: Fbo_Native_Socket:360: [FBO-NATIVE] set send receive START
08-21 03:52:49.721 29229 29229 D BoundBrokerSvc: onRebind: Intent { act=com.google.android.gms.auth.aang.events.services.START dat=chimera-action:/... cmp=com.google.android.gms/.chimera.PersistentApiService }
08-21 03:52:50.733 29229 29229 D BoundBrokerSvc: onRebind: Intent { act=com.google.android.gms.libs.gmscorelogger.service.START dat=chimera-action:/... cmp=com.google.android.gms/.chimera.PersistentDirectBootAwareApiService }
08-21 03:53:02.348 26492 26495 I FboNativeService: Fbo_Native_Socket:343: [FBO-NATIVE] socket_local_client START
08-21 03:53:02.349 26492 26495 I FboNativeService: Fbo_Native_Socket:354: [FBO-NATIVE] set send timeout START
08-21 03:53:02.349 26492 26495 I FboNativeService: Fbo_Native_Socket:360: [FBO-NATIVE] set send receive START
08-21 03:53:02.454 26492 26495 I FboNativeService: Fbo_Native_Socket:343: [FBO-NATIVE] socket_local_client START
08-21 03:53:02.455 26492 26495 I FboNativeService: Fbo_Native_Socket:354: [FBO-NATIVE] set send timeout START
08-21 03:53:02.455 26492 26495 I FboNativeService: Fbo_Native_Socket:360: [FBO-NATIVE] set send receive START
08-21 03:53:02.530 26492 26495 I FboNativeService: Fbo_Native_Socket:343: [FBO-NATIVE] socket_local_client START
08-21 03:53:02.530 26492 26495 I FboNativeService: Fbo_Native_Socket:354: [FBO-NATIVE] set send timeout START
08-21 03:53:02.530 26492 26495 I FboNativeService: Fbo_Native_Socket:360: [FBO-NATIVE] set send receive START
08-21 03:53:04.783 29229 29229 D BoundBrokerSvc: onUnbind: Intent { act=com.google.android.gms.auth.aang.events.services.START dat=chimera-action:/... cmp=com.google.android.gms/.chimera.PersistentApiService }
08-21 03:53:05.753 29229 29229 D BoundBrokerSvc: onUnbind: Intent { act=com.google.android.gms.libs.gmscorelogger.service.START dat=chimera-action:/... cmp=com.google.android.gms/.chimera.PersistentDirectBootAwareApiService }
08-21 03:53:08.702 26492 26495 I FboNativeService: Fbo_Native_Socket:343: [FBO-NATIVE] socket_local_client START
08-21 03:53:08.702 26492 26495 I FboNativeService: Fbo_Native_Socket:354: [FBO-NATIVE] set send timeout START
08-21 03:53:08.702 26492 26495 I FboNativeService: Fbo_Native_Socket:360: [FBO-NATIVE] set send receive START
08-21 03:53:26.814 26492 26495 I FboNativeService: Fbo_Native_Socket:343: [FBO-NATIVE] socket_local_client START
08-21 03:53:26.814 26492 26495 I FboNativeService: Fbo_Native_Socket:354: [FBO-NATIVE] set send timeout START
08-21 03:53:26.814 26492 26495 I FboNativeService: Fbo_Native_Socket:360: [FBO-NATIVE] set send receive START
08-21 03:53:31.639 29229 29229 D BoundBrokerSvc: onRebind: Intent { act=com.google.android.gms.auth.aang.events.services.START dat=chimera-action:/... cmp=com.google.android.gms/.chimera.PersistentApiService }
08-21 03:53:32.650 29229 29229 D BoundBrokerSvc: onRebind: Intent { act=com.google.android.gms.libs.gmscorelogger.service.START dat=chimera-action:/... cmp=com.google.android.gms/.chimera.PersistentDirectBootAwareApiService }
08-21 03:53:38.899 26492 26495 I FboNativeService: Fbo_Native_Socket:343: [FBO-NATIVE] socket_local_client START
08-21 03:53:38.900 26492 26495 I FboNativeService: Fbo_Native_Socket:354: [FBO-NATIVE] set send timeout START
08-21 03:53:38.900 26492 26495 I FboNativeService: Fbo_Native_Socket:360: [FBO-NATIVE] set send receive START
08-21 03:53:45.071 26492 26495 I FboNativeService: Fbo_Native_Socket:343: [FBO-NATIVE] socket_local_client START
08-21 03:53:45.071 26492 26495 I FboNativeService: Fbo_Native_Socket:354: [FBO-NATIVE] set send timeout START
08-21 03:53:45.071 26492 26495 I FboNativeService: Fbo_Native_Socket:360: [FBO-NATIVE] set send receive START
08-21 03:53:46.649 29229 29229 D BoundBrokerSvc: onUnbind: Intent { act=com.google.android.gms.auth.aang.events.services.START dat=chimera-action:/... cmp=com.google.android.gms/.chimera.PersistentApiService }
08-21 03:53:47.668 29229 29229 D BoundBrokerSvc: onUnbind: Intent { act=com.google.android.gms.libs.gmscorelogger.service.START dat=chimera-action:/... cmp=com.google.android.gms/.chimera.PersistentDirectBootAwareApiService }
08-21 03:53:49.791 29229 29229 D BoundBrokerSvc: onRebind: Intent { act=com.google.android.gms.auth.aang.events.services.START dat=chimera-action:/... cmp=com.google.android.gms/.chimera.PersistentApiService }
08-21 03:53:50.801 29229 29229 D BoundBrokerSvc: onRebind: Intent { act=com.google.android.gms.libs.gmscorelogger.service.START dat=chimera-action:/... cmp=com.google.android.gms/.chimera.PersistentDirectBootAwareApiService }
08-21 03:54:03.326 26492 26495 I FboNativeService: Fbo_Native_Socket:343: [FBO-NATIVE] socket_local_client START
08-21 03:54:03.326 26492 26495 I FboNativeService: Fbo_Native_Socket:354: [FBO-NATIVE] set send timeout START
08-21 03:54:03.326 26492 26495 I FboNativeService: Fbo_Native_Socket:360: [FBO-NATIVE] set send receive START
08-21 03:54:04.835 29229 29229 D BoundBrokerSvc: onUnbind: Intent { act=com.google.android.gms.auth.aang.events.services.START dat=chimera-action:/... cmp=com.google.android.gms/.chimera.PersistentApiService }
08-21 03:54:05.820 29229 29229 D BoundBrokerSvc: onUnbind: Intent { act=com.google.android.gms.libs.gmscorelogger.service.START dat=chimera-action:/... cmp=com.google.android.gms/.chimera.PersistentDirectBootAwareApiService }
08-21 03:54:15.412 26492 26495 I FboNativeService: Fbo_Native_Socket:343: [FBO-NATIVE] socket_local_client START
08-21 03:54:15.412 26492 26495 I FboNativeService: Fbo_Native_Socket:354: [FBO-NATIVE] set send timeout START
08-21 03:54:15.412 26492 26495 I FboNativeService: Fbo_Native_Socket:360: [FBO-NATIVE] set send receive START
08-21 03:54:15.480 26492 26495 I FboNativeService: Fbo_Native_Socket:343: [FBO-NATIVE] socket_local_client START
08-21 03:54:15.481 26492 26495 I FboNativeService: Fbo_Native_Socket:354: [FBO-NATIVE] set send timeout START
08-21 03:54:15.481 26492 26495 I FboNativeService: Fbo_Native_Socket:360: [FBO-NATIVE] set send receive START
08-21 03:54:33.570 26492 26495 I FboNativeService: Fbo_Native_Socket:343: [FBO-NATIVE] socket_local_client START
08-21 03:54:33.571 26492 26495 I FboNativeService: Fbo_Native_Socket:354: [FBO-NATIVE] set send timeout START
08-21 03:54:33.571 26492 26495 I FboNativeService: Fbo_Native_Socket:360: [FBO-NATIVE] set send receive START
08-21 03:54:39.640  5684  6098 I BtGatt.ScanManager: msg.what = MSG_START_BLE_SCAN, msg.arg1 = None
08-21 03:54:40.590 29250 29250 D BoundBrokerSvc: onBind: Intent { act=com.google.android.gms.measurement.START pkg=com.google.android.gms }
08-21 03:54:40.590 29250 29250 D BoundBrokerSvc: Loading bound service for intent: Intent { act=com.google.android.gms.measurement.START pkg=com.google.android.gms }
08-21 03:54:41.392  2321  7375 W ActivityManager: Background start not allowed: service Intent { act=Orca.START cmp=com.instagram.android/com.facebook.rti.push.service.FbnsService (has extras) } to com.instagram.android/com.facebook.rti.push.service.FbnsService from pid=29540 uid=10332 pkg=com.instagram.android startFg?=false
08-21 03:54:41.393 29540 29540 W RtiGracefulSystemMethodHelper: android.app.BackgroundServiceStartNotAllowedException: Not allowed to start service Intent { act=Orca.START cmp=com.instagram.android/com.facebook.rti.push.service.FbnsService (has extras) }: app is in background uid UidRecord{437376c u0a332 CEM  bg:+33m22s391ms idle change:procadj procs:0 seq(1055449,1005091)} caps=------
08-21 03:54:42.405 29250 29250 D BoundBrokerSvc: onBind: Intent { act=com.google.android.gms.potokens.service.START dat=chimera-action:/... cmp=com.google.android.gms/.chimera.GmsApiService }
08-21 03:54:42.405 29250 29250 D BoundBrokerSvc: Loading bound service for intent: Intent { act=com.google.android.gms.potokens.service.START dat=chimera-action:/... cmp=com.google.android.gms/.chimera.GmsApiService }
08-21 03:54:44.836  2321  7359 I ActivityTaskManager: START u0 {act=android.intent.action.MAIN cat=[android.intent.category.LAUNCHER] flg=0x10200000 cmp=id.edot.ework/id.edot.onboarding.ui.splash.SplashScreenActivity bnds=[982,869][1169,1056] (has extras)} with LAUNCH_MULTIPLE from uid 10151 from pid 29550 callingPackage com.mi.android.globallauncher (BAL_ALLOW_ALLOWLISTED_COMPONENT) result code=0
08-21 03:54:44.895  9221  9366 D VENUS_GAMEAI_START_GameAiStartManager: 高能时刻未安装
08-21 03:54:45.057  2321  7374 I ActivityTaskManager: START u0 {cmp=id.edot.ework/id.edot.onboarding.OnBoardingActivity} with LAUNCH_MULTIPLE from uid 10347 from pid 10188 callingPackage id.edot.ework (BAL_ALLOW_VISIBLE_WINDOW) result code=0
08-21 03:54:45.117  2321  2369 D WindowManager: Calling onTransitionReady info={id=684 t=OPEN f=0x0 trk=0 r=[0@Point(0, 0)] c=[{null m=OPEN f=STARTING_WINDOW_TRANSFER|FILLS_TASK|IS_BEHIND_STARTING_WINDOW leash=Surface(name=ActivityRecord{6f4bdbf u0 id.edot.ework/id.edot.onboarding.OnBoardingActivity t298}#7457)/@0x3a993ea sb=Rect(0, 0 - 0, 0) eb=Rect(0, 0 - 1220, 2712) d=-1->0 r=-1->0:-1 windowMode=0->1},{null m=CLOSE f=FILLS_TASK|IS_BEHIND_STARTING_WINDOW|IS_OCCLUDED leash=Surface(name=ActivityRecord{f9744dd u0 id.edot.ework/id.edot.onboarding.ui.splash.SplashScreenActivity t298}#7447)/@0x720fe68 sb=Rect(0, 0 - 1220, 2712) eb=Rect(0, 0 - 1220, 2712) d=0}] noAni=[false] df=[false] mk=[false] oa=[true]}, mToken=Token{4f44afd TransitionRecord{5788578 id=684 type=OPEN flags=0x0}}
08-21 03:54:45.181 29229 29229 D BoundBrokerSvc: onRebind: Intent { act=com.google.android.gms.presencemanager.service.START dat=chimera-action:/... cmp=com.google.android.gms/.chimera.PersistentApiService }
08-21 03:54:45.242 29250 29250 D BoundBrokerSvc: onBind: Intent { act=com.google.android.mdd.service.START dat=chimera-action:/... cmp=com.google.android.gms/.chimera.GmsBoundBrokerService }
08-21 03:54:45.242 29250 29250 D BoundBrokerSvc: Loading bound service for intent: Intent { act=com.google.android.mdd.service.START dat=chimera-action:/... cmp=com.google.android.gms/.chimera.GmsBoundBrokerService }
08-21 03:54:45.267 29250 29250 D BoundBrokerSvc: onBind: Intent { act=com.google.android.gms.credential.manager.service.firstparty.START dat=chimera-action:/... cmp=com.google.android.gms/.chimera.GmsApiService }
08-21 03:54:45.267 29250 29250 D BoundBrokerSvc: Loading bound service for intent: Intent { act=com.google.android.gms.credential.manager.service.firstparty.START dat=chimera-action:/... cmp=com.google.android.gms/.chimera.GmsApiService }
08-21 03:54:45.270 29250 29250 D BoundBrokerSvc: onBind: Intent { act=com.google.android.gms.chromesync.service.zeroparty.START dat=chimera-action:/... cmp=com.google.android.gms/.chimera.GmsApiService }
08-21 03:54:45.270 29250 29250 D BoundBrokerSvc: Loading bound service for intent: Intent { act=com.google.android.gms.chromesync.service.zeroparty.START dat=chimera-action:/... cmp=com.google.android.gms/.chimera.GmsApiService }
08-21 03:54:45.280 29250 29250 D BoundBrokerSvc: onBind: Intent { act=com.google.android.gms.auth.api.phone.service.SmsRetrieverApiService.START dat=chimera-action:/... cmp=com.google.android.gms/.chimera.GmsApiService }
08-21 03:54:45.280 29250 29250 D BoundBrokerSvc: Loading bound service for intent: Intent { act=com.google.android.gms.auth.api.phone.service.SmsRetrieverApiService.START dat=chimera-action:/... cmp=com.google.android.gms/.chimera.GmsApiService }
08-21 03:54:45.294 29229 29229 D BoundBrokerSvc: onRebind: Intent { act=com.google.android.gms.auth.aang.events.services.START dat=chimera-action:/... cmp=com.google.android.gms/.chimera.PersistentApiService }
08-21 03:54:46.306 